Component: ARM Compiler 5.06 update 6 (build 750) Tool: armlink [4d35ed]

==============================================================================

Section Cross References

    startup_stm32f411xe.o(RESET) refers to startup_stm32f411xe.o(STACK) for __initial_sp
    startup_stm32f411xe.o(RESET) refers to startup_stm32f411xe.o(.text) for Reset_Handler
    startup_stm32f411xe.o(RESET) refers to stm32f4xx_it.o(i.NMI_Handler) for NMI_Handler
    startup_stm32f411xe.o(RESET) refers to stm32f4xx_it.o(i.HardFault_Handler) for HardFault_Handler
    startup_stm32f411xe.o(RESET) refers to stm32f4xx_it.o(i.MemManage_Handler) for MemManage_Handler
    startup_stm32f411xe.o(RESET) refers to stm32f4xx_it.o(i.BusFault_Handler) for BusFault_Handler
    startup_stm32f411xe.o(RESET) refers to stm32f4xx_it.o(i.UsageFault_Handler) for UsageFault_Handler
    startup_stm32f411xe.o(RESET) refers to stm32f4xx_it.o(i.SVC_Handler) for SVC_Handler
    startup_stm32f411xe.o(RESET) refers to stm32f4xx_it.o(i.DebugMon_Handler) for DebugMon_Handler
    startup_stm32f411xe.o(RESET) refers to stm32f4xx_it.o(i.PendSV_Handler) for PendSV_Handler
    startup_stm32f411xe.o(RESET) refers to stm32f4xx_it.o(i.SysTick_Handler) for SysTick_Handler
    startup_stm32f411xe.o(RESET) refers to stm32f4xx_it.o(i.OTG_FS_IRQHandler) for OTG_FS_IRQHandler
    startup_stm32f411xe.o(.text) refers to system_stm32f4xx.o(i.SystemInit) for SystemInit
    startup_stm32f411xe.o(.text) refers to entry.o(.ARM.Collect$$$$00000000) for __main
    main.o(i.MX_GPIO_Init) refers to memseta.o(.text) for __aeabi_memclr4
    main.o(i.MX_GPIO_Init) refers to stm32f4xx_hal_gpio.o(i.HAL_GPIO_WritePin) for HAL_GPIO_WritePin
    main.o(i.MX_GPIO_Init) refers to stm32f4xx_hal_gpio.o(i.HAL_GPIO_Init) for HAL_GPIO_Init
    main.o(i.SystemClock_Config) refers to memseta.o(.text) for __aeabi_memclr4
    main.o(i.SystemClock_Config) refers to stm32f4xx_hal_rcc.o(i.HAL_RCC_OscConfig) for HAL_RCC_OscConfig
    main.o(i.SystemClock_Config) refers to stm32f4xx_hal_rcc.o(i.HAL_RCC_ClockConfig) for HAL_RCC_ClockConfig
    main.o(i.main) refers to stm32f4xx_hal.o(i.HAL_Init) for HAL_Init
    main.o(i.main) refers to main.o(i.SystemClock_Config) for SystemClock_Config
    main.o(i.main) refers to main.o(i.MX_GPIO_Init) for MX_GPIO_Init
    main.o(i.main) refers to usb_device.o(i.MX_USB_DEVICE_Init) for MX_USB_DEVICE_Init
    main.o(i.main) refers to led.o(i.led_init) for led_init
    main.o(i.main) refers to main.o(i.rt) for rt
    main.o(i.main) refers to led.o(i.leds_set) for leds_set
    main.o(i.main) refers to stm32f4xx_hal.o(i.HAL_Delay) for HAL_Delay
    main.o(i.main) refers to led.o(.bss) for LEDs
    usb_device.o(i.MX_USB_DEVICE_Init) refers to usbd_core.o(i.USBD_Init) for USBD_Init
    usb_device.o(i.MX_USB_DEVICE_Init) refers to main.o(i.Error_Handler) for Error_Handler
    usb_device.o(i.MX_USB_DEVICE_Init) refers to usbd_core.o(i.USBD_RegisterClass) for USBD_RegisterClass
    usb_device.o(i.MX_USB_DEVICE_Init) refers to usbd_cdc.o(i.USBD_CDC_RegisterInterface) for USBD_CDC_RegisterInterface
    usb_device.o(i.MX_USB_DEVICE_Init) refers to usbd_core.o(i.USBD_Start) for USBD_Start
    usb_device.o(i.MX_USB_DEVICE_Init) refers to usbd_desc.o(.data) for FS_Desc
    usb_device.o(i.MX_USB_DEVICE_Init) refers to usb_device.o(.bss) for .bss
    usb_device.o(i.MX_USB_DEVICE_Init) refers to usbd_cdc.o(.data) for USBD_CDC
    usb_device.o(i.MX_USB_DEVICE_Init) refers to usbd_cdc_if.o(.data) for USBD_Interface_fops_FS
    usbd_conf.o(i.HAL_PCD_ConnectCallback) refers to usbd_core.o(i.USBD_LL_DevConnected) for USBD_LL_DevConnected
    usbd_conf.o(i.HAL_PCD_DataInStageCallback) refers to usbd_core.o(i.USBD_LL_DataInStage) for USBD_LL_DataInStage
    usbd_conf.o(i.HAL_PCD_DataOutStageCallback) refers to usbd_core.o(i.USBD_LL_DataOutStage) for USBD_LL_DataOutStage
    usbd_conf.o(i.HAL_PCD_DisconnectCallback) refers to usbd_core.o(i.USBD_LL_DevDisconnected) for USBD_LL_DevDisconnected
    usbd_conf.o(i.HAL_PCD_ISOINIncompleteCallback) refers to usbd_core.o(i.USBD_LL_IsoINIncomplete) for USBD_LL_IsoINIncomplete
    usbd_conf.o(i.HAL_PCD_ISOOUTIncompleteCallback) refers to usbd_core.o(i.USBD_LL_IsoOUTIncomplete) for USBD_LL_IsoOUTIncomplete
    usbd_conf.o(i.HAL_PCD_MspDeInit) refers to stm32f4xx_hal_gpio.o(i.HAL_GPIO_DeInit) for HAL_GPIO_DeInit
    usbd_conf.o(i.HAL_PCD_MspDeInit) refers to stm32f4xx_hal_cortex.o(i.HAL_NVIC_DisableIRQ) for HAL_NVIC_DisableIRQ
    usbd_conf.o(i.HAL_PCD_MspInit) refers to memseta.o(.text) for __aeabi_memclr4
    usbd_conf.o(i.HAL_PCD_MspInit) refers to stm32f4xx_hal_gpio.o(i.HAL_GPIO_Init) for HAL_GPIO_Init
    usbd_conf.o(i.HAL_PCD_MspInit) refers to stm32f4xx_hal_cortex.o(i.HAL_NVIC_SetPriority) for HAL_NVIC_SetPriority
    usbd_conf.o(i.HAL_PCD_MspInit) refers to stm32f4xx_hal_cortex.o(i.HAL_NVIC_EnableIRQ) for HAL_NVIC_EnableIRQ
    usbd_conf.o(i.HAL_PCD_ResetCallback) refers to main.o(i.Error_Handler) for Error_Handler
[...]
    ../Src/stm32f4xx_hal_msp.c               0x00000000   Number         0  stm32f4xx_hal_msp.o ABSOLUTE
    ../Src/stm32f4xx_it.c                    0x00000000   Number         0  stm32f4xx_it.o ABSOLUTE
    ../Src/system_stm32f4xx.c                0x00000000   Number         0  system_stm32f4xx.o ABSOLUTE
    ../Src/usb_device.c                      0x00000000   Number         0  usb_device.o ABSOLUTE
    ../Src/usbd_cdc_if.c                     0x00000000   Number         0  usbd_cdc_if.o ABSOLUTE
    ../Src/usbd_conf.c                       0x00000000   Number         0  usbd_conf.o ABSOLUTE
    ../Src/usbd_desc.c                       0x00000000   Number         0  usbd_desc.o ABSOLUTE
    ../clib/../cmprslib/zerorunl2.c          0x00000000   Number         0  __dczerorl2.o ABSOLUTE
    ../clib/microlib/division.c              0x00000000   Number         0  uldiv.o ABSOLUTE
    ../clib/microlib/init/entry.s            0x00000000   Number         0  entry9a.o ABSOLUTE
    ../clib/microlib/init/entry.s            0x00000000   Number         0  entry11b.o ABSOLUTE
    ../clib/microlib/init/entry.s            0x00000000   Number         0  entry11a.o ABSOLUTE
    ../clib/microlib/init/entry.s            0x00000000   Number         0  entry10b.o ABSOLUTE
    ../clib/microlib/init/entry.s            0x00000000   Number         0  entry9b.o ABSOLUTE
    ../clib/microlib/init/entry.s            0x00000000   Number         0  entry.o ABSOLUTE
    ../clib/microlib/init/entry.s            0x00000000   Number         0  entry8b.o ABSOLUTE
    ../clib/microlib/init/entry.s            0x00000000   Number         0  entry10a.o ABSOLUTE
    ../clib/microlib/init/entry.s            0x00000000   Number         0  entry5.o ABSOLUTE
    ../clib/microlib/init/entry.s            0x00000000   Number         0  entry8a.o ABSOLUTE
    ../clib/microlib/init/entry.s            0x00000000   Number         0  entry7b.o ABSOLUTE
    ../clib/microlib/init/entry.s            0x00000000   Number         0  entry7a.o ABSOLUTE
    ../clib/microlib/init/entry.s            0x00000000   Number         0  entry2.o ABSOLUTE
    ../clib/microlib/longlong.c              0x00000000   Number         0  llshl.o ABSOLUTE
    ../clib/microlib/longlong.c              0x00000000   Number         0  llushr.o ABSOLUTE
    ../clib/microlib/malloc/malloc.c         0x00000000   Number         0  malloc.o ABSOLUTE
    ../clib/microlib/malloc/malloc.c         0x00000000   Number         0  malloca.o ABSOLUTE
    ../clib/microlib/malloc/malloc.c         0x00000000   Number         0  mallocra.o ABSOLUTE
    ../clib/microlib/malloc/malloc.c         0x00000000   Number         0  mallocr.o ABSOLUTE
    ../clib/microlib/malloc/mvars.c          0x00000000   Number         0  mvars.o ABSOLUTE
    ../clib/microlib/string/memcpy.c         0x00000000   Number         0  memcpya.o ABSOLUTE
    ../clib/microlib/string/memcpy.c         0x00000000   Number         0  memcpyb.o ABSOLUTE
    ../clib/microlib/string/memset.c         0x00000000   Number         0  memseta.o ABSOLUTE
    ../clib/microlib/stubs.s                 0x00000000   Number         0  iusefp.o ABSOLUTE
    ../fplib/microlib/fpdiv.c                0x00000000   Number         0  ddiv.o ABSOLUTE
    ../fplib/microlib/fpepilogue.c           0x00000000   Number         0  depilogue.o ABSOLUTE
    ../fplib/microlib/fpfix.c                0x00000000   Number         0  dfixi.o ABSOLUTE
    ../fplib/microlib/fpflt.c                0x00000000   Number         0  dfltui.o ABSOLUTE
    ../fplib/microlib/fpmul.c                0x00000000   Number         0  dmul.o ABSOLUTE
    ..\Drivers\STM32F4xx_HAL_Driver\Src\stm32f4xx_hal.c 0x00000000   Number         0  stm32f4xx_hal.o ABSOLUTE
    ..\Drivers\STM32F4xx_HAL_Driver\Src\stm32f4xx_hal_cortex.c 0x00000000   Number         0  stm32f4xx_hal_cortex.o ABSOLUTE
    ..\Drivers\STM32F4xx_HAL_Driver\Src\stm32f4xx_hal_dma.c 0x00000000   Number         0  stm32f4xx_hal_dma.o ABSOLUTE
    ..\Drivers\STM32F4xx_HAL_Driver\Src\stm32f4xx_hal_dma_ex.c 0x00000000   Number         0  stm32f4xx_hal_dma_ex.o ABSOLUTE
    ..\Drivers\STM32F4xx_HAL_Driver\Src\stm32f4xx_hal_exti.c 0x00000000   Number         0  stm32f4xx_hal_exti.o ABSOLUTE
    ..\Drivers\STM32F4xx_HAL_Driver\Src\stm32f4xx_hal_flash.c 0x00000000   Number         0  stm32f4xx_hal_flash.o ABSOLUTE
    ..\Drivers\STM32F4xx_HAL_Driver\Src\stm32f4xx_hal_flash_ex.c 0x00000000   Number         0  stm32f4xx_hal_flash_ex.o ABSOLUTE
    ..\Drivers\STM32F4xx_HAL_Driver\Src\stm32f4xx_hal_flash_ramfunc.c 0x00000000   Number         0  stm32f4xx_hal_flash_ramfunc.o ABSOLUTE
    ..\Drivers\STM32F4xx_HAL_Driver\Src\stm32f4xx_hal_gpio.c 0x00000000   Number         0  stm32f4xx_hal_gpio.o ABSOLUTE
    ..\Drivers\STM32F4xx_HAL_Driver\Src\stm32f4xx_hal_pcd.c 0x00000000   Number         0  stm32f4xx_hal_pcd.o ABSOLUTE
    ..\Drivers\STM32F4xx_HAL_Driver\Src\stm32f4xx_hal_pcd_ex.c 0x00000000   Number         0  stm32f4xx_hal_pcd_ex.o ABSOLUTE
    ..\Drivers\STM32F4xx_HAL_Driver\Src\stm32f4xx_hal_pwr.c 0x00000000   Number         0  stm32f4xx_hal_pwr.o ABSOLUTE
    ..\Drivers\STM32F4xx_HAL_Driver\Src\stm32f4xx_hal_pwr_ex.c 0x00000000   Number         0  stm32f4xx_hal_pwr_ex.o ABSOLUTE
    ..\Drivers\STM32F4xx_HAL_Driver\Src\stm32f4xx_hal_rcc.c 0x00000000   Number         0  stm32f4xx_hal_rcc.o ABSOLUTE
    ..\Drivers\STM32F4xx_HAL_Driver\Src\stm32f4xx_hal_rcc_ex.c 0x00000000   Number         0  stm32f4xx_hal_rcc_ex.o ABSOLUTE
    ..\Drivers\STM32F4xx_HAL_Driver\Src\stm32f4xx_hal_tim.c 0x00000000   Number         0  stm32f4xx_hal_tim.o ABSOLUTE
    ..\Drivers\STM32F4xx_HAL_Driver\Src\stm32f4xx_hal_tim_ex.c 0x00000000   Number         0  stm32f4xx_hal_tim_ex.o ABSOLUTE
    ..\Drivers\STM32F4xx_HAL_Driver\Src\stm32f4xx_ll_usb.c 0x00000000   Number         0  stm32f4xx_ll_usb.o ABSOLUTE
    ..\Middlewares\ST\STM32_USB_Device_Library\Class\CDC\Src\usbd_cdc.c 0x00000000   Number         0  usbd_cdc.o ABSOLUTE
    ..\Middlewares\ST\STM32_USB_Device_Library\Core\Src\usbd_core.c 0x00000000   Number         0  usbd_core.o ABSOLUTE
    ..\Middlewares\ST\STM32_USB_Device_Library\Core\Src\usbd_ctlreq.c 0x00000000   Number         0  usbd_ctlreq.o ABSOLUTE
    ..\Middlewares\ST\STM32_USB_Device_Library\Core\Src\usbd_ioreq.c 0x00000000   Number         0  usbd_ioreq.o ABSOLUTE
    ..\Src\led.c                             0x00000000   Number         0  led.o ABSOLUTE
    ..\Src\main.c                            0x00000000   Number         0  main.o ABSOLUTE
    ..\Src\stm32f4xx_hal_msp.c               0x00000000   Number         0  stm32f4xx_hal_msp.o ABSOLUTE
    ..\Src\stm32f4xx_it.c                    0x00000000   Number         0  stm32f4xx_it.o ABSOLUTE
    ..\Src\system_stm32f4xx.c                0x00000000   Number         0  system_stm32f4xx.o ABSOLUTE
    ..\Src\usb_device.c                      0x00000000   Number         0  usb_device.o ABSOLUTE
    ..\Src\usbd_cdc_if.c                     0x00000000   Number         0  usbd_cdc_if.o ABSOLUTE
    ..\Src\usbd_conf.c                       0x00000000   Number         0  usbd_conf.o ABSOLUTE
    ..\Src\usbd_desc.c                       0x00000000   Number         0  usbd_desc.o ABSOLUTE
    ..\\Src\\led.c                           0x00000000   Number         0  led.o ABSOLUTE
    dc.s                                     0x00000000   Number         0  dc.o ABSOLUTE
    handlers.s                               0x00000000   Number         0  handlers.o ABSOLUTE
    init.s                                   0x00000000   Number         0  init.o ABSOLUTE
    startup_stm32f411xe.s                    0x00000000   Number         0  startup_stm32f411xe.o ABSOLUTE
    RESET                                    0x08000000   Section      408  startup_stm32f411xe.o(RESET)
    .ARM.Collect$$$$00000000                 0x08000198   Section        0  entry.o(.ARM.Collect$$$$00000000)
    .ARM.Collect$$$$00000001                 0x08000198   Section        4  entry2.o(.ARM.Collect$$$$00000001)
    .ARM.Collect$$$$00000004                 0x0800019c   Section        4  entry5.o(.ARM.Collect$$$$00000004)
    .ARM.Collect$$$$00000008                 0x080001a0   Section        0  entry7b.o(.ARM.Collect$$$$00000008)
    .ARM.Collect$$$$0000000A                 0x080001a0   Section        0  entry8b.o(.ARM.Collect$$$$0000000A)
    .ARM.Collect$$$$0000000B                 0x080001a0   Section        8  entry9a.o(.ARM.Collect$$$$0000000B)
    .ARM.Collect$$$$0000000D                 0x080001a8   Section        0  entry10a.o(.ARM.Collect$$$$0000000D)
    .ARM.Collect$$$$0000000F                 0x080001a8   Section        0  entry11a.o(.ARM.Collect$$$$0000000F)
    .ARM.Collect$$$$00002712                 0x080001a8   Section        4  entry2.o(.ARM.Collect$$$$00002712)
    __lit__00000000                          0x080001a8   Data           4  entry2.o(.ARM.Collect$$$$00002712)
    .text                                    0x080001ac   Section       36  startup_stm32f411xe.o(.text)
    $v0                                      0x080001ac   Number         0  startup_stm32f411xe.o(.text)
    .text                                    0x080001d0   Section        0  uldiv.o(.text)
    .text                                    0x08000232   Section        0  memcpya.o(.text)
    .text                                    0x08000256   Section        0  memseta.o(.text)
    .text                                    0x0800027a   Section        0  dmul.o(.text)
    .text                                    0x0800035e   Section        0  ddiv.o(.text)
    .text                                    0x0800043c   Section        0  dfltui.o(.text)
    .text                                    0x08000456   Section        0  dfixi.o(.text)
    .text                                    0x08000494   Section        0  llshl.o(.text)
    .text                                    0x080004b2   Section        0  llushr.o(.text)
    .text                                    0x080004d2   Section        0  depilogue.o(.text)
    .text                                    0x080004d2   Section        0  iusefp.o(.text)
    .text                                    0x0800058c   Section       36  init.o(.text)
    .text                                    0x080005b0   Section        0  __dczerorl2.o(.text)
    i.BusFault_Handler                       0x08000606   Section        0  stm32f4xx_it.o(i.BusFault_Handler)
    i.CDC_Control_FS                         0x08000608   Section        0  usbd_cdc_if.o(i.CDC_Control_FS)
    CDC_Control_FS                           0x08000609   Thumb Code     4  usbd_cdc_if.o(i.CDC_Control_FS)
    i.CDC_DeInit_FS                          0x0800060c   Section        0  usbd_cdc_if.o(i.CDC_DeInit_FS)
    CDC_DeInit_FS                            0x0800060d   Thumb Code     4  usbd_cdc_if.o(i.CDC_DeInit_FS)
    i.CDC_Init_FS                            0x08000610   Section        0  usbd_cdc_if.o(i.CDC_Init_FS)
    CDC_Init_FS                              0x08000611   Thumb Code    24  usbd_cdc_if.o(i.CDC_Init_FS)
    i.CDC_Receive_FS                         0x08000634   Section        0  usbd_cdc_if.o(i.CDC_Receive_FS)
    CDC_Receive_FS                           0x08000635   Thumb Code    20  usbd_cdc_if.o(i.CDC_Receive_FS)
    i.CDC_TransmitCplt_FS                    0x0800064c   Section        0  usbd_cdc_if.o(i.CDC_TransmitCplt_FS)
    CDC_TransmitCplt_FS                      0x0800064d   Thumb Code     4  usbd_cdc_if.o(i.CDC_TransmitCplt_FS)
    i.DebugMon_Handler                       0x08000650   Section        0  stm32f4xx_it.o(i.DebugMon_Handler)
    i.Error_Handler                          0x08000652   Section        0  main.o(i.Error_Handler)
    i.HAL_Delay                              0x08000654   Section        0  stm32f4xx_hal.o(i.HAL_Delay)
    i.HAL_GPIO_Init                          0x08000678   Section        0  stm32f4xx_hal_gpio.o(i.HAL_GPIO_Init)
    i.HAL_GPIO_WritePin                      0x0800080c   Section        0  stm32f4xx_hal_gpio.o(i.HAL_GPIO_WritePin)
    i.HAL_GetTick                            0x08000818   Section        0  stm32f4xx_hal.o(i.HAL_GetTick)
    i.HAL_IncTick                            0x08000824   Section        0  stm32f4xx_hal.o(i.HAL_IncTick)
    i.HAL_Init                               0x08000834   Section        0  stm32f4xx_hal.o(i.HAL_Init)
    i.HAL_InitTick                           0x08000868   Section        0  stm32f4xx_hal.o(i.HAL_InitTick)
    i.HAL_MspInit                            0x080008a8   Section        0  stm32f4xx_hal_msp.o(i.HAL_MspInit)
    i.HAL_NVIC_EnableIRQ                     0x080008d8   Section        0  stm32f4xx_hal_cortex.o(i.HAL_NVIC_EnableIRQ)
    i.HAL_NVIC_SetPriority                   0x080008f4   Section        0  stm32f4xx_hal_cortex.o(i.HAL_NVIC_SetPriority)
    i.HAL_NVIC_SetPriorityGrouping           0x08000934   Section        0  stm32f4xx_hal_cortex.o(i.HAL_NVIC_SetPriorityGrouping)
    i.HAL_PCDEx_LPM_Callback                 0x08000958   Section        0  stm32f4xx_hal_pcd_ex.o(i.HAL_PCDEx_LPM_Callback)
    i.HAL_PCDEx_SetRxFiFo                    0x0800095a   Section        0  stm32f4xx_hal_pcd_ex.o(i.HAL_PCDEx_SetRxFiFo)
    i.HAL_PCDEx_SetTxFiFo                    0x08000962   Section        0  stm32f4xx_hal_pcd_ex.o(i.HAL_PCDEx_SetTxFiFo)
    i.HAL_PCD_ConnectCallback                0x080009a6   Section        0  usbd_conf.o(i.HAL_PCD_ConnectCallback)
    i.HAL_PCD_DataInStageCallback            0x080009ae   Section        0  usbd_conf.o(i.HAL_PCD_DataInStageCallback)
    i.HAL_PCD_DataOutStageCallback           0x080009c0   Section        0  usbd_conf.o(i.HAL_PCD_DataOutStageCallback)
    i.HAL_PCD_DisconnectCallback             0x080009d4   Section        0  usbd_conf.o(i.HAL_PCD_DisconnectCallback)
    i.HAL_PCD_EP_Close                       0x080009dc   Section        0  stm32f4xx_hal_pcd.o(i.HAL_PCD_EP_Close)
    i.HAL_PCD_EP_ClrStall                    0x08000a28   Section        0  stm32f4xx_hal_pcd.o(i.HAL_PCD_EP_ClrStall)
    i.HAL_PCD_EP_GetRxCount                  0x08000a84   Section        0  stm32f4xx_hal_pcd.o(i.HAL_PCD_EP_GetRxCount)
    i.HAL_PCD_EP_Open                        0x08000a96   Section        0  stm32f4xx_hal_pcd.o(i.HAL_PCD_EP_Open)
    i.HAL_PCD_EP_Receive                     0x08000af6   Section        0  stm32f4xx_hal_pcd.o(i.HAL_PCD_EP_Receive)
    i.HAL_PCD_EP_SetStall                    0x08000b3e   Section        0  stm32f4xx_hal_pcd.o(i.HAL_PCD_EP_SetStall)
    i.HAL_PCD_EP_Transmit                    0x08000bb2   Section        0  stm32f4xx_hal_pcd.o(i.HAL_PCD_EP_Transmit)
    i.HAL_PCD_IRQHandler                     0x08000bf4   Section        0  stm32f4xx_hal_pcd.o(i.HAL_PCD_IRQHandler)
    i.HAL_PCD_ISOINIncompleteCallback        0x08001028   Section        0  usbd_conf.o(i.HAL_PCD_ISOINIncompleteCallback)
    i.HAL_PCD_ISOOUTIncompleteCallback       0x08001030   Section        0  usbd_conf.o(i.HAL_PCD_ISOOUTIncompleteCallback)
    i.HAL_PCD_Init                           0x08001038   Section        0  stm32f4xx_hal_pcd.o(i.HAL_PCD_Init)
    i.HAL_PCD_MspInit                        0x0800111c   Section        0  usbd_conf.o(i.HAL_PCD_MspInit)
    i.HAL_PCD_ResetCallback                  0x080011a0   Section        0  usbd_conf.o(i.HAL_PCD_ResetCallback)
    i.HAL_PCD_ResumeCallback                 0x080011c6   Section        0  usbd_conf.o(i.HAL_PCD_ResumeCallback)
    i.HAL_PCD_SOFCallback                    0x080011ce   Section        0  usbd_conf.o(i.HAL_PCD_SOFCallback)
    i.HAL_PCD_SetAddress                     0x080011d6   Section        0  stm32f4xx_hal_pcd.o(i.HAL_PCD_SetAddress)
    i.HAL_PCD_SetupStageCallback             0x080011fe   Section        0  usbd_conf.o(i.HAL_PCD_SetupStageCallback)
    i.HAL_PCD_Start                          0x0800120c   Section        0  stm32f4xx_hal_pcd.o(i.HAL_PCD_Start)
    i.HAL_PCD_SuspendCallback                0x08001250   Section        0  usbd_conf.o(i.HAL_PCD_SuspendCallback)
    i.HAL_RCC_ClockConfig                    0x08001280   Section        0  stm32f4xx_hal_rcc.o(i.HAL_RCC_ClockConfig)
    i.HAL_RCC_GetHCLKFreq                    0x080013b4   Section        0  stm32f4xx_hal_rcc.o(i.HAL_RCC_GetHCLKFreq)
    i.HAL_RCC_GetSysClockFreq                0x080013c0   Section        0  stm32f4xx_hal_rcc.o(i.HAL_RCC_GetSysClockFreq)
    i.HAL_RCC_OscConfig                      0x08001424   Section        0  stm32f4xx_hal_rcc.o(i.HAL_RCC_OscConfig)
    i.HAL_SYSTICK_Config                     0x08001780   Section        0  stm32f4xx_hal_cortex.o(i.HAL_SYSTICK_Config)
    i.HardFault_Handler                      0x080017a8   Section        0  stm32f4xx_it.o(i.HardFault_Handler)
    i.IntToUnicode                           0x080017ac   Section        0  usbd_desc.o(i.IntToUnicode)
    IntToUnicode                             0x080017ad   Thumb Code    56  usbd_desc.o(i.IntToUnicode)
    i.MX_GPIO_Init                           0x080017e4   Section        0  main.o(i.MX_GPIO_Init)
    MX_GPIO_Init                             0x080017e5   Thumb Code   102  main.o(i.MX_GPIO_Init)
    i.MX_USB_DEVICE_Init                     0x08001854   Section        0  usb_device.o(i.MX_USB_DEVICE_Init)
    i.MemManage_Handler                      0x080018a8   Section        0  stm32f4xx_it.o(i.MemManage_Handler)
    i.NMI_Handler                            0x080018aa   Section        0  stm32f4xx_it.o(i.NMI_Handler)
    i.OTG_FS_IRQHandler                      0x080018ac   Section        0  stm32f4xx_it.o(i.OTG_FS_IRQHandler)
    i.PCD_EP_OutXfrComplete_int              0x080018b8   Section        0  stm32f4xx_hal_pcd.o(i.PCD_EP_OutXfrComplete_int)
    PCD_EP_OutXfrComplete_int                0x080018b9   Thumb Code   196  stm32f4xx_hal_pcd.o(i.PCD_EP_OutXfrComplete_int)
    i.PCD_WriteEmptyTxFifo                   0x08001984   Section        0  stm32f4xx_hal_pcd.o(i.PCD_WriteEmptyTxFifo)
    PCD_WriteEmptyTxFifo                     0x08001985   Thumb Code   162  stm32f4xx_hal_pcd.o(i.PCD_WriteEmptyTxFifo)
    i.PendSV_Handler                         0x08001a26   Section        0  stm32f4xx_it.o(i.PendSV_Handler)
    i.SVC_Handler                            0x08001a28   Section        0  stm32f4xx_it.o(i.SVC_Handler)
    i.SWAPBYTE                               0x08001a2a   Section        0  usbd_ctlreq.o(i.SWAPBYTE)
    SWAPBYTE                                 0x08001a2b   Thumb Code    10  usbd_ctlreq.o(i.SWAPBYTE)
    i.SysTick_Handler                        0x08001a34   Section        0  stm32f4xx_it.o(i.SysTick_Handler)
    i.SystemClock_Config                     0x08001a38   Section        0  main.o(i.SystemClock_Config)
    i.SystemInit                             0x08001ab8   Section        0  system_stm32f4xx.o(i.SystemInit)
    i.USBD_CDC_DataIn                        0x08001ad4   Section        0  usbd_cdc.o(i.USBD_CDC_DataIn)
    USBD_CDC_DataIn                          0x08001ad5   Thumb Code    98  usbd_cdc.o(i.USBD_CDC_DataIn)
    i.USBD_CDC_DataOut                       0x08001b36   Section        0  usbd_cdc.o(i.USBD_CDC_DataOut)
    USBD_CDC_DataOut                         0x08001b37   Thumb Code    42  usbd_cdc.o(i.USBD_CDC_DataOut)
    i.USBD_CDC_DeInit                        0x08001b60   Section        0  usbd_cdc.o(i.USBD_CDC_DeInit)
    USBD_CDC_DeInit                          0x08001b61   Thumb Code    74  usbd_cdc.o(i.USBD_CDC_DeInit)
    i.USBD_CDC_EP0_RxReady                   0x08001baa   Section        0  usbd_cdc.o(i.USBD_CDC_EP0_RxReady)
    USBD_CDC_EP0_RxReady                     0x08001bab   Thumb Code    36  usbd_cdc.o(i.USBD_CDC_EP0_RxReady)
    i.USBD_CDC_GetDeviceQualifierDescriptor  0x08001bd0   Section        0  usbd_cdc.o(i.USBD_CDC_GetDeviceQualifierDescriptor)
    i.USBD_CDC_GetFSCfgDesc                  0x08001bdc   Section        0  usbd_cdc.o(i.USBD_CDC_GetFSCfgDesc)
    USBD_CDC_GetFSCfgDesc                    0x08001bdd   Thumb Code     8  usbd_cdc.o(i.USBD_CDC_GetFSCfgDesc)
    i.USBD_CDC_GetHSCfgDesc                  0x08001be8   Section        0  usbd_cdc.o(i.USBD_CDC_GetHSCfgDesc)
    USBD_CDC_GetHSCfgDesc                    0x08001be9   Thumb Code     8  usbd_cdc.o(i.USBD_CDC_GetHSCfgDesc)
    i.USBD_CDC_GetOtherSpeedCfgDesc          0x08001bf4   Section        0  usbd_cdc.o(i.USBD_CDC_GetOtherSpeedCfgDesc)
    USBD_CDC_GetOtherSpeedCfgDesc            0x08001bf5   Thumb Code     8  usbd_cdc.o(i.USBD_CDC_GetOtherSpeedCfgDesc)
    i.USBD_CDC_Init                          0x08001c00   Section        0  usbd_cdc.o(i.USBD_CDC_Init)
    USBD_CDC_Init                            0x08001c01   Thumb Code   162  usbd_cdc.o(i.USBD_CDC_Init)
    i.USBD_CDC_ReceivePacket                 0x08001ca2   Section        0  usbd_cdc.o(i.USBD_CDC_ReceivePacket)
    i.USBD_CDC_RegisterInterface             0x08001cca   Section        0  usbd_cdc.o(i.USBD_CDC_RegisterInterface)
    i.USBD_CDC_SetRxBuffer                   0x08001cd8   Section        0  usbd_cdc.o(i.USBD_CDC_SetRxBuffer)
    i.USBD_CDC_SetTxBuffer                   0x08001ce4   Section        0  usbd_cdc.o(i.USBD_CDC_SetTxBuffer)
    i.USBD_CDC_Setup                         0x08001cf4   Section        0  usbd_cdc.o(i.USBD_CDC_Setup)
    USBD_CDC_Setup                           0x08001cf5   Thumb Code   176  usbd_cdc.o(i.USBD_CDC_Setup)
    i.USBD_ClrClassConfig                    0x08001da4   Section        0  usbd_core.o(i.USBD_ClrClassConfig)
    i.USBD_CtlContinueRx                     0x08001db4   Section        0  usbd_ioreq.o(i.USBD_CtlContinueRx)
    i.USBD_CtlContinueSendData               0x08001dc4   Section        0  usbd_ioreq.o(i.USBD_CtlContinueSendData)
    i.USBD_CtlError                          0x08001dd4   Section        0  usbd_ctlreq.o(i.USBD_CtlError)
    i.USBD_CtlPrepareRx                      0x08001dea   Section        0  usbd_ioreq.o(i.USBD_CtlPrepareRx)
    i.USBD_CtlReceiveStatus                  0x08001e08   Section        0  usbd_ioreq.o(i.USBD_CtlReceiveStatus)
    i.USBD_CtlSendData                       0x08001e1e   Section        0  usbd_ioreq.o(i.USBD_CtlSendData)
    i.USBD_CtlSendStatus                     0x08001e38   Section        0  usbd_ioreq.o(i.USBD_CtlSendStatus)
    i.USBD_FS_ConfigStrDescriptor            0x08001e50   Section        0  usbd_desc.o(i.USBD_FS_ConfigStrDescriptor)
    i.USBD_FS_DeviceDescriptor               0x08001e70   Section        0  usbd_desc.o(i.USBD_FS_DeviceDescriptor)
    i.USBD_FS_InterfaceStrDescriptor         0x08001e7c   Section        0  usbd_desc.o(i.USBD_FS_InterfaceStrDescriptor)
    i.USBD_FS_LangIDStrDescriptor            0x08001ea0   Section        0  usbd_desc.o(i.USBD_FS_LangIDStrDescriptor)
    i.USBD_FS_ManufacturerStrDescriptor      0x08001eac   Section        0  usbd_desc.o(i.USBD_FS_ManufacturerStrDescriptor)
    i.USBD_FS_ProductStrDescriptor           0x08001ed4   Section        0  usbd_desc.o(i.USBD_FS_ProductStrDescriptor)
    i.USBD_FS_SerialStrDescriptor            0x08001f00   Section        0  usbd_desc.o(i.USBD_FS_SerialStrDescriptor)
    i.USBD_GetDescriptor                     0x08001f38   Section        0  usbd_ctlreq.o(i.USBD_GetDescriptor)
    USBD_GetDescriptor                       0x08001f39   Thumb Code   230  usbd_ctlreq.o(i.USBD_GetDescriptor)
    i.USBD_GetString                         0x0800201e   Section        0  usbd_ctlreq.o(i.USBD_GetString)
    i.USBD_Get_USB_Status                    0x08002066   Section        0  usbd_conf.o(i.USBD_Get_USB_Status)
    i.USBD_Init                              0x0800207e   Section        0  usbd_core.o(i.USBD_Init)
    i.USBD_LL_ClearStallEP                   0x080020b2   Section        0  usbd_conf.o(i.USBD_LL_ClearStallEP)
    i.USBD_LL_CloseEP                        0x080020c4   Section        0  usbd_conf.o(i.USBD_LL_CloseEP)
    i.USBD_LL_DataInStage                    0x080020d6   Section        0  usbd_core.o(i.USBD_LL_DataInStage)
    i.USBD_LL_DataOutStage                   0x08002180   Section        0  usbd_core.o(i.USBD_LL_DataOutStage)
    i.USBD_LL_DevConnected                   0x080021ee   Section        0  usbd_core.o(i.USBD_LL_DevConnected)
    i.USBD_LL_DevDisconnected                0x080021f2   Section        0  usbd_core.o(i.USBD_LL_DevDisconnected)
    i.USBD_LL_GetRxDataSize                  0x0800220a   Section        0  usbd_conf.o(i.USBD_LL_GetRxDataSize)
    i.USBD_LL_Init                           0x08002214   Section        0  usbd_conf.o(i.USBD_LL_Init)
    i.USBD_LL_IsStallEP                      0x08002274   Section        0  usbd_conf.o(i.USBD_LL_IsStallEP)
    i.USBD_LL_IsoINIncomplete                0x08002294   Section        0  usbd_core.o(i.USBD_LL_IsoINIncomplete)
    i.USBD_LL_IsoOUTIncomplete               0x08002298   Section        0  usbd_core.o(i.USBD_LL_IsoOUTIncomplete)
    i.USBD_LL_OpenEP                         0x0800229c   Section        0  usbd_conf.o(i.USBD_LL_OpenEP)
    i.USBD_LL_PrepareReceive                 0x080022b4   Section        0  usbd_conf.o(i.USBD_LL_PrepareReceive)
    i.USBD_LL_Reset                          0x080022c6   Section        0  usbd_core.o(i.USBD_LL_Reset)
    i.USBD_LL_Resume                         0x08002318   Section        0  usbd_core.o(i.USBD_LL_Resume)
    i.USBD_LL_SOF                            0x0800232c   Section        0  usbd_core.o(i.USBD_LL_SOF)
    i.USBD_LL_SetSpeed                       0x08002344   Section        0  usbd_core.o(i.USBD_LL_SetSpeed)
    i.USBD_LL_SetUSBAddress                  0x0800234a   Section        0  usbd_conf.o(i.USBD_LL_SetUSBAddress)
    i.USBD_LL_SetupStage                     0x0800235c   Section        0  usbd_core.o(i.USBD_LL_SetupStage)
    i.USBD_LL_StallEP                        0x080023bc   Section        0  usbd_conf.o(i.USBD_LL_StallEP)
    i.USBD_LL_Start                          0x080023ce   Section        0  usbd_conf.o(i.USBD_LL_Start)
    i.USBD_LL_Suspend                        0x080023e0   Section        0  usbd_core.o(i.USBD_LL_Suspend)
    i.USBD_LL_Transmit                       0x080023f2   Section        0  usbd_conf.o(i.USBD_LL_Transmit)
    i.USBD_ParseSetupRequest                 0x08002404   Section        0  usbd_ctlreq.o(i.USBD_ParseSetupRequest)
    i.USBD_RegisterClass                     0x08002430   Section        0  usbd_core.o(i.USBD_RegisterClass)
    i.USBD_SetClassConfig                    0x08002452   Section        0  usbd_core.o(i.USBD_SetClassConfig)
    i.USBD_SetConfig                         0x08002468   Section        0  usbd_ctlreq.o(i.USBD_SetConfig)
    USBD_SetConfig                           0x08002469   Thumb Code   182  usbd_ctlreq.o(i.USBD_SetConfig)
    i.USBD_Start                             0x08002524   Section        0  usbd_core.o(i.USBD_Start)
    i.USBD_StdDevReq                         0x08002528   Section        0  usbd_ctlreq.o(i.USBD_StdDevReq)
    i.USBD_StdEPReq                          0x0800263c   Section        0  usbd_ctlreq.o(i.USBD_StdEPReq)
    i.USBD_StdItfReq                         0x08002788   Section        0  usbd_ctlreq.o(i.USBD_StdItfReq)
    i.USB_ActivateEndpoint                   0x080027dc   Section        0  stm32f4xx_ll_usb.o(i.USB_ActivateEndpoint)
    i.USB_ActivateSetup                      0x0800285c   Section        0  stm32f4xx_ll_usb.o(i.USB_ActivateSetup)
    i.USB_CoreInit                           0x08002878   Section        0  stm32f4xx_ll_usb.o(i.USB_CoreInit)
    i.USB_CoreReset                          0x080028ec   Section        0  stm32f4xx_ll_usb.o(i.USB_CoreReset)
    USB_CoreReset                            0x080028ed   Thumb Code    50  stm32f4xx_ll_usb.o(i.USB_CoreReset)
    i.USB_DeactivateEndpoint                 0x08002924   Section        0  stm32f4xx_ll_usb.o(i.USB_DeactivateEndpoint)
    i.USB_DevConnect                         0x080029f0   Section        0  stm32f4xx_ll_usb.o(i.USB_DevConnect)
    i.USB_DevDisconnect                      0x08002a0c   Section        0  stm32f4xx_ll_usb.o(i.USB_DevDisconnect)
    i.USB_DevInit                            0x08002a28   Section        0  stm32f4xx_ll_usb.o(i.USB_DevInit)
    i.USB_DisableGlobalInt                   0x08002b9c   Section        0  stm32f4xx_ll_usb.o(i.USB_DisableGlobalInt)
    i.USB_EP0StartXfer                       0x08002ba8   Section        0  stm32f4xx_ll_usb.o(i.USB_EP0StartXfer)
    i.USB_EP0_OutStart                       0x08002cc0   Section        0  stm32f4xx_ll_usb.o(i.USB_EP0_OutStart)
    i.USB_EPClearStall                       0x08002d18   Section        0  stm32f4xx_ll_usb.o(i.USB_EPClearStall)
    i.USB_EPSetStall                         0x08002d70   Section        0  stm32f4xx_ll_usb.o(i.USB_EPSetStall)
    i.USB_EPStartXfer                        0x08002dc8   Section        0  stm32f4xx_ll_usb.o(i.USB_EPStartXfer)
    i.USB_EnableGlobalInt                    0x08002fb0   Section        0  stm32f4xx_ll_usb.o(i.USB_EnableGlobalInt)
    i.USB_FlushRxFifo                        0x08002fbc   Section        0  stm32f4xx_ll_usb.o(i.USB_FlushRxFifo)
    i.USB_FlushTxFifo                        0x08002fdc   Section        0  stm32f4xx_ll_usb.o(i.USB_FlushTxFifo)
    i.USB_GetDevSpeed                        0x08003000   Section        0  stm32f4xx_ll_usb.o(i.USB_GetDevSpeed)
    i.USB_GetMode                            0x0800301a   Section        0  stm32f4xx_ll_usb.o(i.USB_GetMode)
    i.USB_ReadDevAllInEpInterrupt            0x08003022   Section        0  stm32f4xx_ll_usb.o(i.USB_ReadDevAllInEpInterrupt)
    i.USB_ReadDevAllOutEpInterrupt           0x08003030   Section        0  stm32f4xx_ll_usb.o(i.USB_ReadDevAllOutEpInterrupt)
    i.USB_ReadDevInEPInterrupt               0x0800303e   Section        0  stm32f4xx_ll_usb.o(i.USB_ReadDevInEPInterrupt)
    i.USB_ReadDevOutEPInterrupt              0x08003062   Section        0  stm32f4xx_ll_usb.o(i.USB_ReadDevOutEPInterrupt)
    i.USB_ReadInterrupts                     0x08003072   Section        0  stm32f4xx_ll_usb.o(i.USB_ReadInterrupts)
    i.USB_ReadPacket                         0x0800307a   Section        0  stm32f4xx_ll_usb.o(i.USB_ReadPacket)
    i.USB_SetCurrentMode                     0x08003096   Section        0  stm32f4xx_ll_usb.o(i.USB_SetCurrentMode)
    i.USB_SetDevAddress                      0x080030c4   Section        0  stm32f4xx_ll_usb.o(i.USB_SetDevAddress)
    i.USB_SetTurnaroundTime                  0x080030e8   Section        0  stm32f4xx_ll_usb.o(i.USB_SetTurnaroundTime)
    i.USB_WritePacket                        0x080031d0   Section        0  stm32f4xx_ll_usb.o(i.USB_WritePacket)
    i.UsageFault_Handler                     0x080031f4   Section        0  stm32f4xx_it.o(i.UsageFault_Handler)
    i.__NVIC_SetPriority                     0x080031f6   Section        0  stm32f4xx_hal_cortex.o(i.__NVIC_SetPriority)
    __NVIC_SetPriority                       0x080031f7   Thumb Code    32  stm32f4xx_hal_cortex.o(i.__NVIC_SetPriority)
    i.__scatterload_copy                     0x08003216   Section       14  handlers.o(i.__scatterload_copy)
    i.__scatterload_null                     0x08003224   Section        2  handlers.o(i.__scatterload_null)
    i.__scatterload_zeroinit                 0x08003226   Section       14  handlers.o(i.__scatterload_zeroinit)
    i.free                                   0x08003234   Section        0  malloc.o(i.free)
    i.led_init                               0x08003284   Section        0  led.o(i.led_init)
    i.led_set                                0x0800336c   Section        0  led.o(i.led_set)
    i.leds_set                               0x080033c4   Section        0  led.o(i.leds_set)
    i.main                                   0x080033e8   Section        0  main.o(i.main)
    i.malloc                                 0x08003434   Section        0  malloc.o(i.malloc)
    i.rt                                     0x080034a0   Section        0  main.o(i.rt)
    i.send0                                  0x080034cc   Section        0  led.o(i.send0)
    i.send1                                  0x0800350c   Section        0  led.o(i.send1)
    .constdata                               0x0800354c   Section       16  system_stm32f4xx.o(.constdata)
    .data                                    0x20000000   Section       28  usbd_desc.o(.data)
    .data                                    0x2000001c   Section       50  usbd_desc.o(.data)
    .data                                    0x20000050   Section       20  usbd_cdc_if.o(.data)
    .data                                    0x20000068   Section       24  led.o(.data)
    .data                                    0x20000080   Section       12  stm32f4xx_hal.o(.data)
    .data                                    0x2000008c   Section        4  system_stm32f4xx.o(.data)
    .data                                    0x20000090   Section        1  usbd_ctlreq.o(.data)
    cfgidx                                   0x20000090   Data           1  usbd_ctlreq.o(.data)
    .data                                    0x20000094   Section      215  usbd_cdc.o(.data)
    USBD_CDC_DeviceQualifierDesc             0x20000094   Data          10  usbd_cdc.o(.data)
    USBD_CDC_CfgHSDesc                       0x200000a0   Data          67  usbd_cdc.o(.data)
    USBD_CDC_CfgFSDesc                       0x200000e4   Data          67  usbd_cdc.o(.data)
    USBD_CDC_OtherSpeedCfgDesc               0x20000128   Data          67  usbd_cdc.o(.data)
    .data                                    0x2000016c   Section       56  usbd_cdc.o(.data)
    .data                                    0x200001a4   Section        4  mvars.o(.data)
    .data                                    0x200001a8   Section        4  mvars.o(.data)
    .bss                                     0x200001ac   Section      720  usb_device.o(.bss)
    .bss                                     0x2000047c   Section     1032  usbd_conf.o(.bss)
    .bss                                     0x20000884   Section      512  usbd_desc.o(.bss)
    .bss                                     0x20000a84   Section     4096  usbd_cdc_if.o(.bss)
    .bss                                     0x20001a84   Section      240  led.o(.bss)
    HEAP                                     0x20001b78   Section     8192  startup_stm32f411xe.o(HEAP)
    STACK                                    0x20003b78   Section    16384  startup_stm32f411xe.o(STACK)

    Global Symbols

    Symbol Name                              Value     Ov Type        Size  Object(Section)

    BuildAttributes$$THM_ISAv4$E$P$D$K$B$S$7EM$VFPi3$EXTD16$VFPS$VFMA$PE$A:L22UL41UL21$X:L11$S22US41US21$IEEE1$IW$USESV6$~STKCKD$USESV7$~SHL$OSPACE$ROPI$EBA8$MICROLIB$REQ8$PRES8$EABIv2 0x00000000   Number         0  anon$$obj.o ABSOLUTE
    __ARM_use_no_argv                        0x00000000   Number         0  main.o ABSOLUTE
    __cpp_initialize__aeabi_                  - Undefined Weak Reference
    __cxa_finalize                            - Undefined Weak Reference
    _clock_init                               - Undefined Weak Reference
    _microlib_exit                            - Undefined Weak Reference
    __Vectors_Size                           0x00000198   Number         0  startup_stm32f411xe.o ABSOLUTE
    __Vectors                                0x08000000   Data           4  startup_stm32f411xe.o(RESET)
    __Vectors_End                            0x08000198   Data           0  startup_stm32f411xe.o(RESET)
    __main                                   0x08000199   Thumb Code     0  entry.o(.ARM.Collect$$$$00000000)
    _main_stk                                0x08000199   Thumb Code     0  entry2.o(.ARM.Collect$$$$00000001)
    _main_scatterload                        0x0800019d   Thumb Code     0  entry5.o(.ARM.Collect$$$$00000004)
    __main_after_scatterload                 0x080001a1   Thumb Code     0  entry5.o(.ARM.Collect$$$$00000004)
    _main_clock                              0x080001a1   Thumb Code     0  entry7b.o(.ARM.Collect$$$$00000008)
    _main_cpp_init                           0x080001a1   Thumb Code     0  entry8b.o(.ARM.Collect$$$$0000000A)
    _main_init                               0x080001a1   Thumb Code     0  entry9a.o(.ARM.Collect$$$$0000000B)
    __rt_final_cpp                           0x080001a9   Thumb Code     0  entry10a.o(.ARM.Collect$$$$0000000D)
    __rt_final_exit                          0x080001a9   Thumb Code     0  entry11a.o(.ARM.Collect$$$$0000000F)
    Reset_Handler                            0x080001ad   Thumb Code     8  startup_stm32f411xe.o(.text)
    ADC_IRQHandler                           0x080001c7   Thumb Code     0  startup_stm32f411xe.o(.text)
    DMA1_Stream0_IRQHandler                  0x080001c7   Thumb Code     0  startup_stm32f411xe.o(.text)
    DMA1_Stream1_IRQHandler                  0x080001c7   Thumb Code     0  startup_stm32f411xe.o(.text)
    DMA1_Stream2_IRQHandler                  0x080001c7   Thumb Code     0  startup_stm32f411xe.o(.text)
    DMA1_Stream3_IRQHandler                  0x080001c7   Thumb Code     0  startup_stm32f411xe.o(.text)
    DMA1_Stream4_IRQHandler                  0x080001c7   Thumb Code     0  startup_stm32f411xe.o(.text)
    DMA1_Stream5_IRQHandler                  0x080001c7   Thumb Code     0  startup_stm32f411xe.o(.text)
    DMA1_Stream6_IRQHandler                  0x080001c7   Thumb Code     0  startup_stm32f411xe.o(.text)
    DMA1_Stream7_IRQHandler                  0x080001c7   Thumb Code     0  startup_stm32f411xe.o(.text)
    DMA2_Stream0_IRQHandler                  0x080001c7   Thumb Code     0  startup_stm32f411xe.o(.text)
    DMA2_Stream1_IRQHandler                  0x080001c7   Thumb Code     0  startup_stm32f411xe.o(.text)
    DMA2_Stream2_IRQHandler                  0x080001c7   Thumb Code     0  startup_stm32f411xe.o(.text)
    DMA2_Stream3_IRQHandler                  0x080001c7   Thumb Code     0  startup_stm32f411xe.o(.text)
    DMA2_Stream4_IRQHandler                  0x080001c7   Thumb Code     0  startup_stm32f411xe.o(.text)
    DMA2_Stream5_IRQHandler                  0x080001c7   Thumb Code     0  startup_stm32f411xe.o(.text)
    DMA2_Stream6_IRQHandler                  0x080001c7   Thumb Code     0  startup_stm32f411xe.o(.text)
    DMA2_Stream7_IRQHandler                  0x080001c7   Thumb Code     0  startup_stm32f411xe.o(.text)
    EXTI0_IRQHandler                         0x080001c7   Thumb Code     0  startup_stm32f411xe.o(.text)
    EXTI15_10_IRQHandler                     0x080001c7   Thumb Code     0  startup_stm32f411xe.o(.text)
    EXTI1_IRQHandler                         0x080001c7   Thumb Code     0  startup_stm32f411xe.o(.text)
    EXTI2_IRQHandler                         0x080001c7   Thumb Code     0  startup_stm32f411xe.o(.text)
    EXTI3_IRQHandler                         0x080001c7   Thumb Code     0  startup_stm32f411xe.o(.text)
    EXTI4_IRQHandler                         0x080001c7   Thumb Code     0  startup_stm32f411xe.o(.text)
    EXTI9_5_IRQHandler                       0x080001c7   Thumb Code     0  startup_stm32f411xe.o(.text)
    FLASH_IRQHandler                         0x080001c7   Thumb Code     0  startup_stm32f411xe.o(.text)
    FPU_IRQHandler                           0x080001c7   Thumb Code     0  startup_stm32f411xe.o(.text)
    I2C1_ER_IRQHandler                       0x080001c7   Thumb Code     0  startup_stm32f411xe.o(.text)
    I2C1_EV_IRQHandler                       0x080001c7   Thumb Code     0  startup_stm32f411xe.o(.text)
    I2C2_ER_IRQHandler                       0x080001c7   Thumb Code     0  startup_stm32f411xe.o(.text)
    I2C2_EV_IRQHandler                       0x080001c7   Thumb Code     0  startup_stm32f411xe.o(.text)
    I2C3_ER_IRQHandler                       0x080001c7   Thumb Code     0  startup_stm32f411xe.o(.text)
    I2C3_EV_IRQHandler                       0x080001c7   Thumb Code     0  startup_stm32f411xe.o(.text)
    OTG_FS_WKUP_IRQHandler                   0x080001c7   Thumb Code     0  startup_stm32f411xe.o(.text)
    PVD_IRQHandler                           0x080001c7   Thumb Code     0  startup_stm32f411xe.o(.text)
    RCC_IRQHandler                           0x080001c7   Thumb Code     0  startup_stm32f411xe.o(.text)
    RTC_Alarm_IRQHandler                     0x080001c7   Thumb Code     0  startup_stm32f411xe.o(.text)
    RTC_WKUP_IRQHandler                      0x080001c7   Thumb Code     0  startup_stm32f411xe.o(.text)
    SDIO_IRQHandler                          0x080001c7   Thumb Code     0  startup_stm32f411xe.o(.text)
    SPI1_IRQHandler                          0x080001c7   Thumb Code     0  startup_stm32f411xe.o(.text)
    SPI2_IRQHandler                          0x080001c7   Thumb Code     0  startup_stm32f411xe.o(.text)
    SPI3_IRQHandler                          0x080001c7   Thumb Code     0  startup_stm32f411xe.o(.text)
    SPI4_IRQHandler                          0x080001c7   Thumb Code     0  startup_stm32f411xe.o(.text)
    SPI5_IRQHandler                          0x080001c7   Thumb Code     0  startup_stm32f411xe.o(.text)
    TAMP_STAMP_IRQHandler                    0x080001c7   Thumb Code     0  startup_stm32f411xe.o(.text)
    TIM1_BRK_TIM9_IRQHandler                 0x080001c7   Thumb Code     0  startup_stm32f411xe.o(.text)
    TIM1_CC_IRQHandler                       0x080001c7   Thumb Code     0  startup_stm32f411xe.o(.text)
    TIM1_TRG_COM_TIM11_IRQHandler            0x080001c7   Thumb Code     0  startup_stm32f411xe.o(.text)
    TIM1_UP_TIM10_IRQHandler                 0x080001c7   Thumb Code     0  startup_stm32f411xe.o(.text)
    TIM2_IRQHandler                          0x080001c7   Thumb Code     0  startup_stm32f411xe.o(.text)
    TIM3_IRQHandler                          0x080001c7   Thumb Code     0  startup_stm32f411xe.o(.text)
    TIM4_IRQHandler                          0x080001c7   Thumb Code     0  startup_stm32f411xe.o(.text)
    TIM5_IRQHandler                          0x080001c7   Thumb Code     0  startup_stm32f411xe.o(.text)
    USART1_IRQHandler                        0x080001c7   Thumb Code     0  startup_stm32f411xe.o(.text)
    USART2_IRQHandler                        0x080001c7   Thumb Code     0  startup_stm32f411xe.o(.text)
    USART6_IRQHandler                        0x080001c7   Thumb Code     0  startup_stm32f411xe.o(.text)
    WWDG_IRQHandler                          0x080001c7   Thumb Code     0  startup_stm32f411xe.o(.text)
    __aeabi_uldivmod                         0x080001d1   Thumb Code    98  uldiv.o(.text)
    __aeabi_memcpy                           0x08000233   Thumb Code    36  memcpya.o(.text)
    __aeabi_memcpy4                          0x08000233   Thumb Code     0  memcpya.o(.text)
    __aeabi_memcpy8                          0x08000233   Thumb Code     0  memcpya.o(.text)
    __aeabi_memset                           0x08000257   Thumb Code    14  memseta.o(.text)
    __aeabi_memset4                          0x08000257   Thumb Code     0  memseta.o(.text)
    __aeabi_memset8                          0x08000257   Thumb Code     0  memseta.o(.text)
    __aeabi_memclr                           0x08000265   Thumb Code     4  memseta.o(.text)
    __aeabi_memclr4                          0x08000265   Thumb Code     0  memseta.o(.text)
    __aeabi_memclr8                          0x08000265   Thumb Code     0  memseta.o(.text)
    _memset$wrapper                          0x08000269   Thumb Code    18  memseta.o(.text)
    __aeabi_dmul                             0x0800027b   Thumb Code   228  dmul.o(.text)
    __aeabi_ddiv                             0x0800035f   Thumb Code   222  ddiv.o(.text)
    __aeabi_ui2d                             0x0800043d   Thumb Code    26  dfltui.o(.text)
    __aeabi_d2iz                             0x08000457   Thumb Code    62  dfixi.o(.text)
    __aeabi_llsl                             0x08000495   Thumb Code    30  llshl.o(.text)
    _ll_shift_l                              0x08000495   Thumb Code     0  llshl.o(.text)
    __aeabi_llsr                             0x080004b3   Thumb Code    32  llushr.o(.text)
    _ll_ushift_r                             0x080004b3   Thumb Code     0  llushr.o(.text)
    __I$use$fp                               0x080004d3   Thumb Code     0  iusefp.o(.text)
    _double_round                            0x080004d3   Thumb Code    30  depilogue.o(.text)
    _double_epilogue                         0x080004f1   Thumb Code   156  depilogue.o(.text)
    __scatterload                            0x0800058d   Thumb Code    28  init.o(.text)
    __scatterload_rt2                        0x0800058d   Thumb Code     0  init.o(.text)
    __decompress                             0x080005b1   Thumb Code     0  __dczerorl2.o(.text)
    __decompress1                            0x080005b1   Thumb Code    86  __dczerorl2.o(.text)
    BusFault_Handler                         0x08000607   Thumb Code     2  stm32f4xx_it.o(i.BusFault_Handler)
    DebugMon_Handler                         0x08000651   Thumb Code     2  stm32f4xx_it.o(i.DebugMon_Handler)
    Error_Handler                            0x08000653   Thumb Code     2  main.o(i.Error_Handler)
    HAL_Delay                                0x08000655   Thumb Code    32  stm32f4xx_hal.o(i.HAL_Delay)
    HAL_GPIO_Init                            0x08000679   Thumb Code   370  stm32f4xx_hal_gpio.o(i.HAL_GPIO_Init)
    HAL_GPIO_WritePin                        0x0800080d   Thumb Code    10  stm32f4xx_hal_gpio.o(i.HAL_GPIO_WritePin)
    HAL_GetTick                              0x08000819   Thumb Code     6  stm32f4xx_hal.o(i.HAL_GetTick)
    HAL_IncTick                              0x08000825   Thumb Code    12  stm32f4xx_hal.o(i.HAL_IncTick)
    HAL_Init                                 0x08000835   Thumb Code    48  stm32f4xx_hal.o(i.HAL_Init)
    HAL_InitTick                             0x08000869   Thumb Code    54  stm32f4xx_hal.o(i.HAL_InitTick)
    HAL_MspInit                              0x080008a9   Thumb Code    42  stm32f4xx_hal_msp.o(i.HAL_MspInit)
    HAL_NVIC_EnableIRQ                       0x080008d9   Thumb Code    26  stm32f4xx_hal_cortex.o(i.HAL_NVIC_EnableIRQ)
    HAL_NVIC_SetPriority                     0x080008f5   Thumb Code    60  stm32f4xx_hal_cortex.o(i.HAL_NVIC_SetPriority)
    HAL_NVIC_SetPriorityGrouping             0x08000935   Thumb Code    26  stm32f4xx_hal_cortex.o(i.HAL_NVIC_SetPriorityGrouping)
    HAL_PCDEx_LPM_Callback                   0x08000959   Thumb Code     2  stm32f4xx_hal_pcd_ex.o(i.HAL_PCDEx_LPM_Callback)
    HAL_PCDEx_SetRxFiFo                      0x0800095b   Thumb Code     8  stm32f4xx_hal_pcd_ex.o(i.HAL_PCDEx_SetRxFiFo)
    HAL_PCDEx_SetTxFiFo                      0x08000963   Thumb Code    68  stm32f4xx_hal_pcd_ex.o(i.HAL_PCDEx_SetTxFiFo)
    HAL_PCD_ConnectCallback                  0x080009a7   Thumb Code     8  usbd_conf.o(i.HAL_PCD_ConnectCallback)
    HAL_PCD_DataInStageCallback              0x080009af   Thumb Code    18  usbd_conf.o(i.HAL_PCD_DataInStageCallback)
    HAL_PCD_DataOutStageCallback             0x080009c1   Thumb Code    20  usbd_conf.o(i.HAL_PCD_DataOutStageCallback)
    HAL_PCD_DisconnectCallback               0x080009d5   Thumb Code     8  usbd_conf.o(i.HAL_PCD_DisconnectCallback)
    HAL_PCD_EP_Close                         0x080009dd   Thumb Code    76  stm32f4xx_hal_pcd.o(i.HAL_PCD_EP_Close)
    HAL_PCD_EP_ClrStall                      0x08000a29   Thumb Code    92  stm32f4xx_hal_pcd.o(i.HAL_PCD_EP_ClrStall)
    HAL_PCD_EP_GetRxCount                    0x08000a85   Thumb Code    18  stm32f4xx_hal_pcd.o(i.HAL_PCD_EP_GetRxCount)
    HAL_PCD_EP_Open                          0x08000a97   Thumb Code    96  stm32f4xx_hal_pcd.o(i.HAL_PCD_EP_Open)
    HAL_PCD_EP_Receive                       0x08000af7   Thumb Code    72  stm32f4xx_hal_pcd.o(i.HAL_PCD_EP_Receive)
    HAL_PCD_EP_SetStall                      0x08000b3f   Thumb Code   116  stm32f4xx_hal_pcd.o(i.HAL_PCD_EP_SetStall)
    HAL_PCD_EP_Transmit                      0x08000bb3   Thumb Code    64  stm32f4xx_hal_pcd.o(i.HAL_PCD_EP_Transmit)
    HAL_PCD_IRQHandler                       0x08000bf5   Thumb Code  1070  stm32f4xx_hal_pcd.o(i.HAL_PCD_IRQHandler)
    HAL_PCD_ISOINIncompleteCallback          0x08001029   Thumb Code     8  usbd_conf.o(i.HAL_PCD_ISOINIncompleteCallback)
    HAL_PCD_ISOOUTIncompleteCallback         0x08001031   Thumb Code     8  usbd_conf.o(i.HAL_PCD_ISOOUTIncompleteCallback)
    HAL_PCD_Init                             0x08001039   Thumb Code   226  stm32f4xx_hal_pcd.o(i.HAL_PCD_Init)
    HAL_PCD_MspInit                          0x0800111d   Thumb Code   122  usbd_conf.o(i.HAL_PCD_MspInit)
    HAL_PCD_ResetCallback                    0x080011a1   Thumb Code    38  usbd_conf.o(i.HAL_PCD_ResetCallback)
    HAL_PCD_ResumeCallback                   0x080011c7   Thumb Code     8  usbd_conf.o(i.HAL_PCD_ResumeCallback)
    HAL_PCD_SOFCallback                      0x080011cf   Thumb Code     8  usbd_conf.o(i.HAL_PCD_SOFCallback)
    HAL_PCD_SetAddress                       0x080011d7   Thumb Code    40  stm32f4xx_hal_pcd.o(i.HAL_PCD_SetAddress)
    HAL_PCD_SetupStageCallback               0x080011ff   Thumb Code    14  usbd_conf.o(i.HAL_PCD_SetupStageCallback)
    HAL_PCD_Start                            0x0800120d   Thumb Code    66  stm32f4xx_hal_pcd.o(i.HAL_PCD_Start)
    HAL_PCD_SuspendCallback                  0x08001251   Thumb Code    44  usbd_conf.o(i.HAL_PCD_SuspendCallback)
    HAL_RCC_ClockConfig                      0x08001281   Thumb Code   288  stm32f4xx_hal_rcc.o(i.HAL_RCC_ClockConfig)
    HAL_RCC_GetHCLKFreq                      0x080013b5   Thumb Code     6  stm32f4xx_hal_rcc.o(i.HAL_RCC_GetHCLKFreq)
    HAL_RCC_GetSysClockFreq                  0x080013c1   Thumb Code    88  stm32f4xx_hal_rcc.o(i.HAL_RCC_GetSysClockFreq)
    HAL_RCC_OscConfig                        0x08001425   Thumb Code   840  stm32f4xx_hal_rcc.o(i.HAL_RCC_OscConfig)
    HAL_SYSTICK_Config                       0x08001781   Thumb Code    40  stm32f4xx_hal_cortex.o(i.HAL_SYSTICK_Config)
    HardFault_Handler                        0x080017a9   Thumb Code     2  stm32f4xx_it.o(i.HardFault_Handler)
    MX_USB_DEVICE_Init                       0x08001855   Thumb Code    66  usb_device.o(i.MX_USB_DEVICE_Init)
    MemManage_Handler                        0x080018a9   Thumb Code     2  stm32f4xx_it.o(i.MemManage_Handler)
    NMI_Handler                              0x080018ab   Thumb Code     2  stm32f4xx_it.o(i.NMI_Handler)
    OTG_FS_IRQHandler                        0x080018ad   Thumb Code     6  stm32f4xx_it.o(i.OTG_FS_IRQHandler)
    PendSV_Handler                           0x08001a27   Thumb Code     2  stm32f4xx_it.o(i.PendSV_Handler)
    SVC_Handler                              0x08001a29   Thumb Code     2  stm32f4xx_it.o(i.SVC_Handler)
    SysTick_Handler                          0x08001a35   Thumb Code     4  stm32f4xx_it.o(i.SysTick_Handler)
    SystemClock_Config                       0x08001a39   Thumb Code   120  main.o(i.SystemClock_Config)
    SystemInit                               0x08001ab9   Thumb Code    22  system_stm32f4xx.o(i.SystemInit)
    USBD_CDC_GetDeviceQualifierDescriptor    0x08001bd1   Thumb Code     8  usbd_cdc.o(i.USBD_CDC_GetDeviceQualifierDescriptor)
    USBD_CDC_ReceivePacket                   0x08001ca3   Thumb Code    40  usbd_cdc.o(i.USBD_CDC_ReceivePacket)
    USBD_CDC_RegisterInterface               0x08001ccb   Thumb Code    14  usbd_cdc.o(i.USBD_CDC_RegisterInterface)
    USBD_CDC_SetRxBuffer                     0x08001cd9   Thumb Code    12  usbd_cdc.o(i.USBD_CDC_SetRxBuffer)
    USBD_CDC_SetTxBuffer                     0x08001ce5   Thumb Code    16  usbd_cdc.o(i.USBD_CDC_SetTxBuffer)
    USBD_ClrClassConfig                      0x08001da5   Thumb Code    16  usbd_core.o(i.USBD_ClrClassConfig)
    USBD_CtlContinueRx                       0x08001db5   Thumb Code    16  usbd_ioreq.o(i.USBD_CtlContinueRx)
    USBD_CtlContinueSendData                 0x08001dc5   Thumb Code    16  usbd_ioreq.o(i.USBD_CtlContinueSendData)
    USBD_CtlError                            0x08001dd5   Thumb Code    22  usbd_ctlreq.o(i.USBD_CtlError)
    USBD_CtlPrepareRx                        0x08001deb   Thumb Code    30  usbd_ioreq.o(i.USBD_CtlPrepareRx)
    USBD_CtlReceiveStatus                    0x08001e09   Thumb Code    22  usbd_ioreq.o(i.USBD_CtlReceiveStatus)
    USBD_CtlSendData                         0x08001e1f   Thumb Code    26  usbd_ioreq.o(i.USBD_CtlSendData)
    USBD_CtlSendStatus                       0x08001e39   Thumb Code    22  usbd_ioreq.o(i.USBD_CtlSendStatus)
    USBD_FS_ConfigStrDescriptor              0x08001e51   Thumb Code    16  usbd_desc.o(i.USBD_FS_ConfigStrDescriptor)
    USBD_FS_DeviceDescriptor                 0x08001e71   Thumb Code     8  usbd_desc.o(i.USBD_FS_DeviceDescriptor)
    USBD_FS_InterfaceStrDescriptor           0x08001e7d   Thumb Code    16  usbd_desc.o(i.USBD_FS_InterfaceStrDescriptor)
    USBD_FS_LangIDStrDescriptor              0x08001ea1   Thumb Code     8  usbd_desc.o(i.USBD_FS_LangIDStrDescriptor)
    USBD_FS_ManufacturerStrDescriptor        0x08001ead   Thumb Code    16  usbd_desc.o(i.USBD_FS_ManufacturerStrDescriptor)
    USBD_FS_ProductStrDescriptor             0x08001ed5   Thumb Code    16  usbd_desc.o(i.USBD_FS_ProductStrDescriptor)
    USBD_FS_SerialStrDescriptor              0x08001f01   Thumb Code    48  usbd_desc.o(i.USBD_FS_SerialStrDescriptor)
    USBD_GetString                           0x0800201f   Thumb Code    72  usbd_ctlreq.o(i.USBD_GetString)
    USBD_Get_USB_Status                      0x08002067   Thumb Code    24  usbd_conf.o(i.USBD_Get_USB_Status)
    USBD_Init                                0x0800207f   Thumb Code    52  usbd_core.o(i.USBD_Init)
    USBD_LL_ClearStallEP                     0x080020b3   Thumb Code    18  usbd_conf.o(i.USBD_LL_ClearStallEP)
    USBD_LL_CloseEP                          0x080020c5   Thumb Code    18  usbd_conf.o(i.USBD_LL_CloseEP)
    USBD_LL_DataInStage                      0x080020d7   Thumb Code   170  usbd_core.o(i.USBD_LL_DataInStage)
    USBD_LL_DataOutStage                     0x08002181   Thumb Code   110  usbd_core.o(i.USBD_LL_DataOutStage)
    USBD_LL_DevConnected                     0x080021ef   Thumb Code     4  usbd_core.o(i.USBD_LL_DevConnected)
    USBD_LL_DevDisconnected                  0x080021f3   Thumb Code    24  usbd_core.o(i.USBD_LL_DevDisconnected)
    USBD_LL_GetRxDataSize                    0x0800220b   Thumb Code     8  usbd_conf.o(i.USBD_LL_GetRxDataSize)
    USBD_LL_Init                             0x08002215   Thumb Code    90  usbd_conf.o(i.USBD_LL_Init)
    USBD_LL_IsStallEP                        0x08002275   Thumb Code    32  usbd_conf.o(i.USBD_LL_IsStallEP)
    USBD_LL_IsoINIncomplete                  0x08002295   Thumb Code     4  usbd_core.o(i.USBD_LL_IsoINIncomplete)
    USBD_LL_IsoOUTIncomplete                 0x08002299   Thumb Code     4  usbd_core.o(i.USBD_LL_IsoOUTIncomplete)
    USBD_LL_OpenEP                           0x0800229d   Thumb Code    24  usbd_conf.o(i.USBD_LL_OpenEP)
    USBD_LL_PrepareReceive                   0x080022b5   Thumb Code    18  usbd_conf.o(i.USBD_LL_PrepareReceive)
    USBD_LL_Reset                            0x080022c7   Thumb Code    82  usbd_core.o(i.USBD_LL_Reset)
    USBD_LL_Resume                           0x08002319   Thumb Code    20  usbd_core.o(i.USBD_LL_Resume)
    USBD_LL_SOF                              0x0800232d   Thumb Code    24  usbd_core.o(i.USBD_LL_SOF)
    USBD_LL_SetSpeed                         0x08002345   Thumb Code     6  usbd_core.o(i.USBD_LL_SetSpeed)
    USBD_LL_SetUSBAddress                    0x0800234b   Thumb Code    18  usbd_conf.o(i.USBD_LL_SetUSBAddress)
    USBD_LL_SetupStage                       0x0800235d   Thumb Code    96  usbd_core.o(i.USBD_LL_SetupStage)
    USBD_LL_StallEP                          0x080023bd   Thumb Code    18  usbd_conf.o(i.USBD_LL_StallEP)
    USBD_LL_Start                            0x080023cf   Thumb Code    18  usbd_conf.o(i.USBD_LL_Start)
    USBD_LL_Suspend                          0x080023e1   Thumb Code    18  usbd_core.o(i.USBD_LL_Suspend)
    USBD_LL_Transmit                         0x080023f3   Thumb Code    18  usbd_conf.o(i.USBD_LL_Transmit)
    USBD_ParseSetupRequest                   0x08002405   Thumb Code    44  usbd_ctlreq.o(i.USBD_ParseSetupRequest)
    USBD_RegisterClass                       0x08002431   Thumb Code    34  usbd_core.o(i.USBD_RegisterClass)
    USBD_SetClassConfig                      0x08002453   Thumb Code    20  usbd_core.o(i.USBD_SetClassConfig)
    USBD_Start                               0x08002525   Thumb Code     4  usbd_core.o(i.USBD_Start)
    USBD_StdDevReq                           0x08002529   Thumb Code   276  usbd_ctlreq.o(i.USBD_StdDevReq)
    USBD_StdEPReq                            0x0800263d   Thumb Code   332  usbd_ctlreq.o(i.USBD_StdEPReq)
    USBD_StdItfReq                           0x08002789   Thumb Code    82  usbd_ctlreq.o(i.USBD_StdItfReq)
    USB_ActivateEndpoint                     0x080027dd   Thumb Code   122  stm32f4xx_ll_usb.o(i.USB_ActivateEndpoint)
    USB_ActivateSetup                        0x0800285d   Thumb Code    28  stm32f4xx_ll_usb.o(i.USB_ActivateSetup)
    USB_CoreInit                             0x08002879   Thumb Code   112  stm32f4xx_ll_usb.o(i.USB_CoreInit)
    USB_DeactivateEndpoint                   0x08002925   Thumb Code   194  stm32f4xx_ll_usb.o(i.USB_DeactivateEndpoint)
    USB_DevConnect                           0x080029f1   Thumb Code    28  stm32f4xx_ll_usb.o(i.USB_DevConnect)
    USB_DevDisconnect                        0x08002a0d   Thumb Code    28  stm32f4xx_ll_usb.o(i.USB_DevDisconnect)
    USB_DevInit                              0x08002a29   Thumb Code   362  stm32f4xx_ll_usb.o(i.USB_DevInit)
    USB_DisableGlobalInt                     0x08002b9d   Thumb Code    12  stm32f4xx_ll_usb.o(i.USB_DisableGlobalInt)
    USB_EP0StartXfer                         0x08002ba9   Thumb Code   276  stm32f4xx_ll_usb.o(i.USB_EP0StartXfer)
    USB_EP0_OutStart                         0x08002cc1   Thumb Code    84  stm32f4xx_ll_usb.o(i.USB_EP0_OutStart)
    USB_EPClearStall                         0x08002d19   Thumb Code    88  stm32f4xx_ll_usb.o(i.USB_EPClearStall)
    USB_EPSetStall                           0x08002d71   Thumb Code    88  stm32f4xx_ll_usb.o(i.USB_EPSetStall)
    USB_EPStartXfer                          0x08002dc9   Thumb Code   482  stm32f4xx_ll_usb.o(i.USB_EPStartXfer)
    USB_EnableGlobalInt                      0x08002fb1   Thumb Code    12  stm32f4xx_ll_usb.o(i.USB_EnableGlobalInt)
    USB_FlushRxFifo                          0x08002fbd   Thumb Code    28  stm32f4xx_ll_usb.o(i.USB_FlushRxFifo)
    USB_FlushTxFifo                          0x08002fdd   Thumb Code    32  stm32f4xx_ll_usb.o(i.USB_FlushTxFifo)
    USB_GetDevSpeed                          0x08003001   Thumb Code    26  stm32f4xx_ll_usb.o(i.USB_GetDevSpeed)
    USB_GetMode                              0x0800301b   Thumb Code     8  stm32f4xx_ll_usb.o(i.USB_GetMode)
    USB_ReadDevAllInEpInterrupt              0x08003023   Thumb Code    14  stm32f4xx_ll_usb.o(i.USB_ReadDevAllInEpInterrupt)
    USB_ReadDevAllOutEpInterrupt             0x08003031   Thumb Code    14  stm32f4xx_ll_usb.o(i.USB_ReadDevAllOutEpInterrupt)
    USB_ReadDevInEPInterrupt                 0x0800303f   Thumb Code    36  stm32f4xx_ll_usb.o(i.USB_ReadDevInEPInterrupt)
    USB_ReadDevOutEPInterrupt                0x08003063   Thumb Code    16  stm32f4xx_ll_usb.o(i.USB_ReadDevOutEPInterrupt)
    USB_ReadInterrupts                       0x08003073   Thumb Code     8  stm32f4xx_ll_usb.o(i.USB_ReadInterrupts)
    USB_ReadPacket                           0x0800307b   Thumb Code    28  stm32f4xx_ll_usb.o(i.USB_ReadPacket)
    USB_SetCurrentMode                       0x08003097   Thumb Code    46  stm32f4xx_ll_usb.o(i.USB_SetCurrentMode)
    USB_SetDevAddress                        0x080030c5   Thumb Code    34  stm32f4xx_ll_usb.o(i.USB_SetDevAddress)
    USB_SetTurnaroundTime                    0x080030e9   Thumb Code   158  stm32f4xx_ll_usb.o(i.USB_SetTurnaroundTime)
    USB_WritePacket                          0x080031d1   Thumb Code    36  stm32f4xx_ll_usb.o(i.USB_WritePacket)
    UsageFault_Handler                       0x080031f5   Thumb Code     2  stm32f4xx_it.o(i.UsageFault_Handler)
    __scatterload_copy                       0x08003217   Thumb Code    14  handlers.o(i.__scatterload_copy)
    __scatterload_null                       0x08003225   Thumb Code     2  handlers.o(i.__scatterload_null)
    __scatterload_zeroinit                   0x08003227   Thumb Code    14  handlers.o(i.__scatterload_zeroinit)
    free                                     0x08003235   Thumb Code    76  malloc.o(i.free)
    led_init                                 0x08003285   Thumb Code   186  led.o(i.led_init)
    led_set                                  0x0800336d   Thumb Code    88  led.o(i.led_set)
    leds_set                                 0x080033c5   Thumb Code    36  led.o(i.leds_set)
    main                                     0x080033e9   Thumb Code    72  main.o(i.main)
    malloc                                   0x08003435   Thumb Code    92  malloc.o(i.malloc)
    rt                                       0x080034a1   Thumb Code    44  main.o(i.rt)
    send0                                    0x080034cd   Thumb Code    54  led.o(i.send0)
    send1                                    0x0800350d   Thumb Code    54  led.o(i.send1)
    AHBPrescTable                            0x0800354c   Data          16  system_stm32f4xx.o(.constdata)
    Region$$Table$$Base                      0x0800355c   Number         0  anon$$obj.o(Region$$Table)
    Region$$Table$$Limit                     0x0800357c   Number         0  anon$$obj.o(Region$$Table)
    FS_Desc                                  0x20000000   Data          28  usbd_desc.o(.data)
    USBD_LangIDDesc                          0x2000001c   Data           4  usbd_desc.o(.data)
    USBD_FS_DeviceDesc                       0x20000020   Data          18  usbd_desc.o(.data)
    USBD_StringSerial                        0x20000034   Data          26  usbd_desc.o(.data)
    USBD_Interface_fops_FS                   0x20000050   Data          20  usbd_cdc_if.o(.data)
    h0                                       0x20000068   Data           4  led.o(.data)
    h1                                       0x2000006c   Data           4  led.o(.data)
    l0                                       0x20000070   Data           4  led.o(.data)
    l1                                       0x20000074   Data           4  led.o(.data)
    sysclock                                 0x20000078   Data           8  led.o(.data)
    uwTickFreq                               0x20000080   Data           1  stm32f4xx_hal.o(.data)
    uwTickPrio                               0x20000084   Data           4  stm32f4xx_hal.o(.data)
    uwTick                                   0x20000088   Data           4  stm32f4xx_hal.o(.data)
    SystemCoreClock                          0x2000008c   Data           4  system_stm32f4xx.o(.data)
    USBD_CDC                                 0x2000016c   Data          56  usbd_cdc.o(.data)
    __microlib_freelist                      0x200001a4   Data           4  mvars.o(.data)
    __microlib_freelist_initialised          0x200001a8   Data           4  mvars.o(.data)
    hUsbDeviceFS                             0x200001ac   Data         720  usb_device.o(.bss)
    hpcd_USB_OTG_FS                          0x2000047c   Data        1032  usbd_conf.o(.bss)
    USBD_StrDesc                             0x20000884   Data         512  usbd_desc.o(.bss)
    UserRxBufferFS                           0x20000a84   Data        2048  usbd_cdc_if.o(.bss)
    UserTxBufferFS                           0x20001284   Data        2048  usbd_cdc_if.o(.bss)
    LEDs                                     0x20001a84   Data         240  led.o(.bss)
    __heap_base                              0x20001b78   Data           0  startup_stm32f411xe.o(HEAP)
    __heap_limit                             0x20003b78   Data           0  startup_stm32f411xe.o(HEAP)
    __initial_sp                             0x20007b78   Data           0  startup_stm32f411xe.o(STACK)



==============================================================================

Memory Map of the image

  Image Entry point : 0x08000199

  Load Region LR_IROM1 (Base: 0x08000000, Size: 0x00003728, Max: 0x00080000, ABSOLUTE, COMPRESSED[0x00003640])

    Execution Region ER_IROM1 (Exec base: 0x08000000, Load base: 0x08000000, Size: 0x0000357c, Max: 0x00080000, ABSOLUTE)

    Exec Addr    Load Addr    Size         Type   Attr      Idx    E Section Name        Object

    0x08000000   0x08000000   0x00000198   Data   RO            3    RESET               startup_stm32f411xe.o
    0x08000198   0x08000198   0x00000000   Code   RO         2958  * .ARM.Collect$$$$00000000  mc_w.l(entry.o)
    0x08000198   0x08000198   0x00000004   Code   RO         3005    .ARM.Collect$$$$00000001  mc_w.l(entry2.o)
    0x0800019c   0x0800019c   0x00000004   Code   RO         3008    .ARM.Collect$$$$00000004  mc_w.l(entry5.o)
    0x080001a0   0x080001a0   0x00000000   Code   RO         3010    .ARM.Collect$$$$00000008  mc_w.l(entry7b.o)
    0x080001a0   0x080001a0   0x00000000   Code   RO         3012    .ARM.Collect$$$$0000000A  mc_w.l(entry8b.o)
    0x080001a0   0x080001a0   0x00000008   Code   RO         3013    .ARM.Collect$$$$0000000B  mc_w.l(entry9a.o)
    0x080001a8   0x080001a8   0x00000000   Code   RO         3015    .ARM.Collect$$$$0000000D  mc_w.l(entry10a.o)
    0x080001a8   0x080001a8   0x00000000   Code   RO         3017    .ARM.Collect$$$$0000000F  mc_w.l(entry11a.o)
    0x080001a8   0x080001a8   0x00000004   Code   RO         3006    .ARM.Collect$$$$00002712  mc_w.l(entry2.o)
    0x080001ac   0x080001ac   0x00000024   Code   RO            4    .text               startup_stm32f411xe.o
    0x080001d0   0x080001d0   0x00000062   Code   RO         2961    .text               mc_w.l(uldiv.o)
    0x08000232   0x08000232   0x00000024   Code   RO         2963    .text               mc_w.l(memcpya.o)
    0x08000256   0x08000256   0x00000024   Code   RO         2965    .text               mc_w.l(memseta.o)
    0x0800027a   0x0800027a   0x000000e4   Code   RO         2997    .text               mf_w.l(dmul.o)
    0x0800035e   0x0800035e   0x000000de   Code   RO         2999    .text               mf_w.l(ddiv.o)
    0x0800043c   0x0800043c   0x0000001a   Code   RO         3001    .text               mf_w.l(dfltui.o)
    0x08000456   0x08000456   0x0000003e   Code   RO         3003    .text               mf_w.l(dfixi.o)
    0x08000494   0x08000494   0x0000001e   Code   RO         3019    .text               mc_w.l(llshl.o)
    0x080004b2   0x080004b2   0x00000020   Code   RO         3021    .text               mc_w.l(llushr.o)
    0x080004d2   0x080004d2   0x00000000   Code   RO         3025    .text               mc_w.l(iusefp.o)
    0x080004d2   0x080004d2   0x000000ba   Code   RO         3026    .text               mf_w.l(depilogue.o)
    0x0800058c   0x0800058c   0x00000024   Code   RO         3028    .text               mc_w.l(init.o)
    0x080005b0   0x080005b0   0x00000056   Code   RO         3038    .text               mc_w.l(__dczerorl2.o)
    0x08000606   0x08000606   0x00000002   Code   RO          566    i.BusFault_Handler  stm32f4xx_it.o
    0x08000608   0x08000608   0x00000004   Code   RO          509    i.CDC_Control_FS    usbd_cdc_if.o
    0x0800060c   0x0800060c   0x00000004   Code   RO          510    i.CDC_DeInit_FS     usbd_cdc_if.o
    0x08000610   0x08000610   0x00000024   Code   RO          511    i.CDC_Init_FS       usbd_cdc_if.o
    0x08000634   0x08000634   0x00000018   Code   RO          512    i.CDC_Receive_FS    usbd_cdc_if.o
    0x0800064c   0x0800064c   0x00000004   Code   RO          513    i.CDC_TransmitCplt_FS  usbd_cdc_if.o
    0x08000650   0x08000650   0x00000002   Code   RO          567    i.DebugMon_Handler  stm32f4xx_it.o
    0x08000652   0x08000652   0x00000002   Code   RO           13    i.Error_Handler     main.o
    0x08000654   0x08000654   0x00000024   Code   RO         2259    i.HAL_Delay         stm32f4xx_hal.o
    0x08000678   0x08000678   0x00000194   Code   RO         1709    i.HAL_GPIO_Init     stm32f4xx_hal_gpio.o
    0x0800080c   0x0800080c   0x0000000a   Code   RO         1713    i.HAL_GPIO_WritePin  stm32f4xx_hal_gpio.o
    0x08000816   0x08000816   0x00000002   PAD
    0x08000818   0x08000818   0x0000000c   Code   RO         2265    i.HAL_GetTick       stm32f4xx_hal.o
    0x08000824   0x08000824   0x00000010   Code   RO         2271    i.HAL_IncTick       stm32f4xx_hal.o
    0x08000834   0x08000834   0x00000034   Code   RO         2272    i.HAL_Init          stm32f4xx_hal.o
    0x08000868   0x08000868   0x00000040   Code   RO         2273    i.HAL_InitTick      stm32f4xx_hal.o
    0x080008a8   0x080008a8   0x00000030   Code   RO          648    i.HAL_MspInit       stm32f4xx_hal_msp.o
    0x080008d8   0x080008d8   0x0000001a   Code   RO         2122    i.HAL_NVIC_EnableIRQ  stm32f4xx_hal_cortex.o
    0x080008f2   0x080008f2   0x00000002   PAD
    0x080008f4   0x080008f4   0x00000040   Code   RO         2128    i.HAL_NVIC_SetPriority  stm32f4xx_hal_cortex.o
    0x08000934   0x08000934   0x00000024   Code   RO         2129    i.HAL_NVIC_SetPriorityGrouping  stm32f4xx_hal_cortex.o
    0x08000958   0x08000958   0x00000002   Code   RO          959    i.HAL_PCDEx_LPM_Callback  stm32f4xx_hal_pcd_ex.o
    0x0800095a   0x0800095a   0x00000008   Code   RO          960    i.HAL_PCDEx_SetRxFiFo  stm32f4xx_hal_pcd_ex.o
    0x08000962   0x08000962   0x00000044   Code   RO          961    i.HAL_PCDEx_SetTxFiFo  stm32f4xx_hal_pcd_ex.o
    0x080009a6   0x080009a6   0x00000008   Code   RO          228    i.HAL_PCD_ConnectCallback  usbd_conf.o
    0x080009ae   0x080009ae   0x00000012   Code   RO          229    i.HAL_PCD_DataInStageCallback  usbd_conf.o
    0x080009c0   0x080009c0   0x00000014   Code   RO          230    i.HAL_PCD_DataOutStageCallback  usbd_conf.o
    0x080009d4   0x080009d4   0x00000008   Code   RO          231    i.HAL_PCD_DisconnectCallback  usbd_conf.o
    0x080009dc   0x080009dc   0x0000004c   Code   RO          741    i.HAL_PCD_EP_Close  stm32f4xx_hal_pcd.o
    0x08000a28   0x08000a28   0x0000005c   Code   RO          742    i.HAL_PCD_EP_ClrStall  stm32f4xx_hal_pcd.o
    0x08000a84   0x08000a84   0x00000012   Code   RO          744    i.HAL_PCD_EP_GetRxCount  stm32f4xx_hal_pcd.o
    0x08000a96   0x08000a96   0x00000060   Code   RO          745    i.HAL_PCD_EP_Open   stm32f4xx_hal_pcd.o
    0x08000af6   0x08000af6   0x00000048   Code   RO          746    i.HAL_PCD_EP_Receive  stm32f4xx_hal_pcd.o
    0x08000b3e   0x08000b3e   0x00000074   Code   RO          747    i.HAL_PCD_EP_SetStall  stm32f4xx_hal_pcd.o
    0x08000bb2   0x08000bb2   0x00000040   Code   RO          748    i.HAL_PCD_EP_Transmit  stm32f4xx_hal_pcd.o
    0x08000bf2   0x08000bf2   0x00000002   PAD
    0x08000bf4   0x08000bf4   0x00000434   Code   RO          750    i.HAL_PCD_IRQHandler  stm32f4xx_hal_pcd.o
    0x08001028   0x08001028   0x00000008   Code   RO          232    i.HAL_PCD_ISOINIncompleteCallback  usbd_conf.o
    0x08001030   0x08001030   0x00000008   Code   RO          233    i.HAL_PCD_ISOOUTIncompleteCallback  usbd_conf.o
    0x08001038   0x08001038   0x000000e2   Code   RO          753    i.HAL_PCD_Init      stm32f4xx_hal_pcd.o
    0x0800111a   0x0800111a   0x00000002   PAD
    0x0800111c   0x0800111c   0x00000084   Code   RO          235    i.HAL_PCD_MspInit   usbd_conf.o
    0x080011a0   0x080011a0   0x00000026   Code   RO          236    i.HAL_PCD_ResetCallback  usbd_conf.o
    0x080011c6   0x080011c6   0x00000008   Code   RO          237    i.HAL_PCD_ResumeCallback  usbd_conf.o
    0x080011ce   0x080011ce   0x00000008   Code   RO          238    i.HAL_PCD_SOFCallback  usbd_conf.o
    0x080011d6   0x080011d6   0x00000028   Code   RO          759    i.HAL_PCD_SetAddress  stm32f4xx_hal_pcd.o
    0x080011fe   0x080011fe   0x0000000e   Code   RO          239    i.HAL_PCD_SetupStageCallback  usbd_conf.o
    0x0800120c   0x0800120c   0x00000042   Code   RO          761    i.HAL_PCD_Start     stm32f4xx_hal_pcd.o
    0x0800124e   0x0800124e   0x00000002   PAD
    0x08001250   0x08001250   0x00000030   Code   RO          240    i.HAL_PCD_SuspendCallback  usbd_conf.o
    0x08001280   0x08001280   0x00000134   Code   RO         1301    i.HAL_RCC_ClockConfig  stm32f4xx_hal_rcc.o
    0x080013b4   0x080013b4   0x0000000c   Code   RO         1306    i.HAL_RCC_GetHCLKFreq  stm32f4xx_hal_rcc.o
    0x080013c0   0x080013c0   0x00000064   Code   RO         1310    i.HAL_RCC_GetSysClockFreq  stm32f4xx_hal_rcc.o
    0x08001424   0x08001424   0x0000035c   Code   RO         1313    i.HAL_RCC_OscConfig  stm32f4xx_hal_rcc.o
    0x08001780   0x08001780   0x00000028   Code   RO         2133    i.HAL_SYSTICK_Config  stm32f4xx_hal_cortex.o
    0x080017a8   0x080017a8   0x00000002   Code   RO          568    i.HardFault_Handler  stm32f4xx_it.o
    0x080017aa   0x080017aa   0x00000002   PAD
    0x080017ac   0x080017ac   0x00000038   Code   RO          423    i.IntToUnicode      usbd_desc.o
    0x080017e4   0x080017e4   0x00000070   Code   RO           14    i.MX_GPIO_Init      main.o
    0x08001854   0x08001854   0x00000054   Code   RO          180    i.MX_USB_DEVICE_Init  usb_device.o
    0x080018a8   0x080018a8   0x00000002   Code   RO          569    i.MemManage_Handler  stm32f4xx_it.o
    0x080018aa   0x080018aa   0x00000002   Code   RO          570    i.NMI_Handler       stm32f4xx_it.o
    0x080018ac   0x080018ac   0x0000000c   Code   RO          571    i.OTG_FS_IRQHandler  stm32f4xx_it.o
    0x080018b8   0x080018b8   0x000000cc   Code   RO          765    i.PCD_EP_OutXfrComplete_int  stm32f4xx_hal_pcd.o
    0x08001984   0x08001984   0x000000a2   Code   RO          766    i.PCD_WriteEmptyTxFifo  stm32f4xx_hal_pcd.o
    0x08001a26   0x08001a26   0x00000002   Code   RO          572    i.PendSV_Handler    stm32f4xx_it.o
    0x08001a28   0x08001a28   0x00000002   Code   RO          573    i.SVC_Handler       stm32f4xx_it.o
    0x08001a2a   0x08001a2a   0x0000000a   Code   RO         2722    i.SWAPBYTE          usbd_ctlreq.o
    0x08001a34   0x08001a34   0x00000004   Code   RO          574    i.SysTick_Handler   stm32f4xx_it.o
    0x08001a38   0x08001a38   0x00000080   Code   RO           15    i.SystemClock_Config  main.o
    0x08001ab8   0x08001ab8   0x0000001c   Code   RO         2547    i.SystemInit        system_stm32f4xx.o
    0x08001ad4   0x08001ad4   0x00000062   Code   RO         2855    i.USBD_CDC_DataIn   usbd_cdc.o
    0x08001b36   0x08001b36   0x0000002a   Code   RO         2856    i.USBD_CDC_DataOut  usbd_cdc.o
    0x08001b60   0x08001b60   0x0000004a   Code   RO         2857    i.USBD_CDC_DeInit   usbd_cdc.o
    0x08001baa   0x08001baa   0x00000024   Code   RO         2858    i.USBD_CDC_EP0_RxReady  usbd_cdc.o
    0x08001bce   0x08001bce   0x00000002   PAD
    0x08001bd0   0x08001bd0   0x0000000c   Code   RO         2859    i.USBD_CDC_GetDeviceQualifierDescriptor  usbd_cdc.o
    0x08001bdc   0x08001bdc   0x0000000c   Code   RO         2860    i.USBD_CDC_GetFSCfgDesc  usbd_cdc.o
    0x08001be8   0x08001be8   0x0000000c   Code   RO         2861    i.USBD_CDC_GetHSCfgDesc  usbd_cdc.o
    0x08001bf4   0x08001bf4   0x0000000c   Code   RO         2862    i.USBD_CDC_GetOtherSpeedCfgDesc  usbd_cdc.o
    0x08001c00   0x08001c00   0x000000a2   Code   RO         2863    i.USBD_CDC_Init     usbd_cdc.o
    0x08001ca2   0x08001ca2   0x00000028   Code   RO         2864    i.USBD_CDC_ReceivePacket  usbd_cdc.o
    0x08001cca   0x08001cca   0x0000000e   Code   RO         2865    i.USBD_CDC_RegisterInterface  usbd_cdc.o
    0x08001cd8   0x08001cd8   0x0000000c   Code   RO         2866    i.USBD_CDC_SetRxBuffer  usbd_cdc.o
    0x08001ce4   0x08001ce4   0x00000010   Code   RO         2867    i.USBD_CDC_SetTxBuffer  usbd_cdc.o
    0x08001cf4   0x08001cf4   0x000000b0   Code   RO         2868    i.USBD_CDC_Setup    usbd_cdc.o
    0x08001da4   0x08001da4   0x00000010   Code   RO         2584    i.USBD_ClrClassConfig  usbd_core.o
    0x08001db4   0x08001db4   0x00000010   Code   RO         2795    i.USBD_CtlContinueRx  usbd_ioreq.o
    0x08001dc4   0x08001dc4   0x00000010   Code   RO         2796    i.USBD_CtlContinueSendData  usbd_ioreq.o
    0x08001dd4   0x08001dd4   0x00000016   Code   RO         2723    i.USBD_CtlError     usbd_ctlreq.o
    0x08001dea   0x08001dea   0x0000001e   Code   RO         2797    i.USBD_CtlPrepareRx  usbd_ioreq.o
    0x08001e08   0x08001e08   0x00000016   Code   RO         2798    i.USBD_CtlReceiveStatus  usbd_ioreq.o
    0x08001e1e   0x08001e1e   0x0000001a   Code   RO         2799    i.USBD_CtlSendData  usbd_ioreq.o
    0x08001e38   0x08001e38   0x00000016   Code   RO         2800    i.USBD_CtlSendStatus  usbd_ioreq.o
    0x08001e4e   0x08001e4e   0x00000002   PAD
    0x08001e50   0x08001e50   0x00000020   Code   RO          424    i.USBD_FS_ConfigStrDescriptor  usbd_desc.o
    0x08001e70   0x08001e70   0x0000000c   Code   RO          425    i.USBD_FS_DeviceDescriptor  usbd_desc.o
    0x08001e7c   0x08001e7c   0x00000024   Code   RO          426    i.USBD_FS_InterfaceStrDescriptor  usbd_desc.o
    0x08001ea0   0x08001ea0   0x0000000c   Code   RO          427    i.USBD_FS_LangIDStrDescriptor  usbd_desc.o
    0x08001eac   0x08001eac   0x00000028   Code   RO          428    i.USBD_FS_ManufacturerStrDescriptor  usbd_desc.o
    0x08001ed4   0x08001ed4   0x0000002c   Code   RO          429    i.USBD_FS_ProductStrDescriptor  usbd_desc.o
    0x08001f00   0x08001f00   0x00000038   Code   RO          430    i.USBD_FS_SerialStrDescriptor  usbd_desc.o
    0x08001f38   0x08001f38   0x000000e6   Code   RO         2724    i.USBD_GetDescriptor  usbd_ctlreq.o
    0x0800201e   0x0800201e   0x00000048   Code   RO         2725    i.USBD_GetString    usbd_ctlreq.o
    0x08002066   0x08002066   0x00000018   Code   RO          241    i.USBD_Get_USB_Status  usbd_conf.o
    0x0800207e   0x0800207e   0x00000034   Code   RO         2586    i.USBD_Init         usbd_core.o
    0x080020b2   0x080020b2   0x00000012   Code   RO          242    i.USBD_LL_ClearStallEP  usbd_conf.o
    0x080020c4   0x080020c4   0x00000012   Code   RO          243    i.USBD_LL_CloseEP   usbd_conf.o
    0x080020d6   0x080020d6   0x000000aa   Code   RO         2587    i.USBD_LL_DataInStage  usbd_core.o
    0x08002180   0x08002180   0x0000006e   Code   RO         2588    i.USBD_LL_DataOutStage  usbd_core.o
    0x080021ee   0x080021ee   0x00000004   Code   RO         2589    i.USBD_LL_DevConnected  usbd_core.o
    0x080021f2   0x080021f2   0x00000018   Code   RO         2590    i.USBD_LL_DevDisconnected  usbd_core.o
    0x0800220a   0x0800220a   0x00000008   Code   RO          247    i.USBD_LL_GetRxDataSize  usbd_conf.o
    0x08002212   0x08002212   0x00000002   PAD
    0x08002214   0x08002214   0x00000060   Code   RO          248    i.USBD_LL_Init      usbd_conf.o
    0x08002274   0x08002274   0x00000020   Code   RO          249    i.USBD_LL_IsStallEP  usbd_conf.o
    0x08002294   0x08002294   0x00000004   Code   RO         2591    i.USBD_LL_IsoINIncomplete  usbd_core.o
    0x08002298   0x08002298   0x00000004   Code   RO         2592    i.USBD_LL_IsoOUTIncomplete  usbd_core.o
    0x0800229c   0x0800229c   0x00000018   Code   RO          250    i.USBD_LL_OpenEP    usbd_conf.o
    0x080022b4   0x080022b4   0x00000012   Code   RO          251    i.USBD_LL_PrepareReceive  usbd_conf.o
    0x080022c6   0x080022c6   0x00000052   Code   RO         2593    i.USBD_LL_Reset     usbd_core.o
    0x08002318   0x08002318   0x00000014   Code   RO         2594    i.USBD_LL_Resume    usbd_core.o
    0x0800232c   0x0800232c   0x00000018   Code   RO         2595    i.USBD_LL_SOF       usbd_core.o
    0x08002344   0x08002344   0x00000006   Code   RO         2596    i.USBD_LL_SetSpeed  usbd_core.o
    0x0800234a   0x0800234a   0x00000012   Code   RO          252    i.USBD_LL_SetUSBAddress  usbd_conf.o
    0x0800235c   0x0800235c   0x00000060   Code   RO         2597    i.USBD_LL_SetupStage  usbd_core.o
    0x080023bc   0x080023bc   0x00000012   Code   RO          253    i.USBD_LL_StallEP   usbd_conf.o
    0x080023ce   0x080023ce   0x00000012   Code   RO          254    i.USBD_LL_Start     usbd_conf.o
    0x080023e0   0x080023e0   0x00000012   Code   RO         2598    i.USBD_LL_Suspend   usbd_core.o
    0x080023f2   0x080023f2   0x00000012   Code   RO          256    i.USBD_LL_Transmit  usbd_conf.o
    0x08002404   0x08002404   0x0000002c   Code   RO         2726    i.USBD_ParseSetupRequest  usbd_ctlreq.o
    0x08002430   0x08002430   0x00000022   Code   RO         2599    i.USBD_RegisterClass  usbd_core.o
    0x08002452   0x08002452   0x00000014   Code   RO         2601    i.USBD_SetClassConfig  usbd_core.o
    0x08002466   0x08002466   0x00000002   PAD
    0x08002468   0x08002468   0x000000bc   Code   RO         2727    i.USBD_SetConfig    usbd_ctlreq.o
    0x08002524   0x08002524   0x00000004   Code   RO         2602    i.USBD_Start        usbd_core.o
    0x08002528   0x08002528   0x00000114   Code   RO         2728    i.USBD_StdDevReq    usbd_ctlreq.o
    0x0800263c   0x0800263c   0x0000014c   Code   RO         2729    i.USBD_StdEPReq     usbd_ctlreq.o
    0x08002788   0x08002788   0x00000052   Code   RO         2730    i.USBD_StdItfReq    usbd_ctlreq.o
    0x080027da   0x080027da   0x00000002   PAD
    0x080027dc   0x080027dc   0x00000080   Code   RO         1001    i.USB_ActivateEndpoint  stm32f4xx_ll_usb.o
    0x0800285c   0x0800285c   0x0000001c   Code   RO         1003    i.USB_ActivateSetup  stm32f4xx_ll_usb.o
    0x08002878   0x08002878   0x00000074   Code   RO         1005    i.USB_CoreInit      stm32f4xx_ll_usb.o
    0x080028ec   0x080028ec   0x00000038   Code   RO         1006    i.USB_CoreReset     stm32f4xx_ll_usb.o
    0x08002924   0x08002924   0x000000cc   Code   RO         1009    i.USB_DeactivateEndpoint  stm32f4xx_ll_usb.o
    0x080029f0   0x080029f0   0x0000001c   Code   RO         1010    i.USB_DevConnect    stm32f4xx_ll_usb.o
    0x08002a0c   0x08002a0c   0x0000001c   Code   RO         1011    i.USB_DevDisconnect  stm32f4xx_ll_usb.o
    0x08002a28   0x08002a28   0x00000174   Code   RO         1012    i.USB_DevInit       stm32f4xx_ll_usb.o
    0x08002b9c   0x08002b9c   0x0000000c   Code   RO         1013    i.USB_DisableGlobalInt  stm32f4xx_ll_usb.o
    0x08002ba8   0x08002ba8   0x00000118   Code   RO         1016    i.USB_EP0StartXfer  stm32f4xx_ll_usb.o
    0x08002cc0   0x08002cc0   0x00000058   Code   RO         1017    i.USB_EP0_OutStart  stm32f4xx_ll_usb.o
    0x08002d18   0x08002d18   0x00000058   Code   RO         1018    i.USB_EPClearStall  stm32f4xx_ll_usb.o
    0x08002d70   0x08002d70   0x00000058   Code   RO         1019    i.USB_EPSetStall    stm32f4xx_ll_usb.o
    0x08002dc8   0x08002dc8   0x000001e8   Code   RO         1020    i.USB_EPStartXfer   stm32f4xx_ll_usb.o
    0x08002fb0   0x08002fb0   0x0000000c   Code   RO         1021    i.USB_EnableGlobalInt  stm32f4xx_ll_usb.o
    0x08002fbc   0x08002fbc   0x00000020   Code   RO         1022    i.USB_FlushRxFifo   stm32f4xx_ll_usb.o
    0x08002fdc   0x08002fdc   0x00000024   Code   RO         1023    i.USB_FlushTxFifo   stm32f4xx_ll_usb.o
    0x08003000   0x08003000   0x0000001a   Code   RO         1025    i.USB_GetDevSpeed   stm32f4xx_ll_usb.o
    0x0800301a   0x0800301a   0x00000008   Code   RO         1027    i.USB_GetMode       stm32f4xx_ll_usb.o
    0x08003022   0x08003022   0x0000000e   Code   RO         1034    i.USB_ReadDevAllInEpInterrupt  stm32f4xx_ll_usb.o
    0x08003030   0x08003030   0x0000000e   Code   RO         1035    i.USB_ReadDevAllOutEpInterrupt  stm32f4xx_ll_usb.o
    0x0800303e   0x0800303e   0x00000024   Code   RO         1036    i.USB_ReadDevInEPInterrupt  stm32f4xx_ll_usb.o
    0x08003062   0x08003062   0x00000010   Code   RO         1037    i.USB_ReadDevOutEPInterrupt  stm32f4xx_ll_usb.o
    0x08003072   0x08003072   0x00000008   Code   RO         1038    i.USB_ReadInterrupts  stm32f4xx_ll_usb.o
    0x0800307a   0x0800307a   0x0000001c   Code   RO         1039    i.USB_ReadPacket    stm32f4xx_ll_usb.o
    0x08003096   0x08003096   0x0000002e   Code   RO         1041    i.USB_SetCurrentMode  stm32f4xx_ll_usb.o
    0x080030c4   0x080030c4   0x00000022   Code   RO         1042    i.USB_SetDevAddress  stm32f4xx_ll_usb.o
    0x080030e6   0x080030e6   0x00000002   PAD
    0x080030e8   0x080030e8   0x000000e8   Code   RO         1044    i.USB_SetTurnaroundTime  stm32f4xx_ll_usb.o
    0x080031d0   0x080031d0   0x00000024   Code   RO         1047    i.USB_WritePacket   stm32f4xx_ll_usb.o
    0x080031f4   0x080031f4   0x00000002   Code   RO          575    i.UsageFault_Handler  stm32f4xx_it.o
    0x080031f6   0x080031f6   0x00000020   Code   RO         2135    i.__NVIC_SetPriority  stm32f4xx_hal_cortex.o
    0x08003216   0x08003216   0x0000000e   Code   RO         3032    i.__scatterload_copy  mc_w.l(handlers.o)
    0x08003224   0x08003224   0x00000002   Code   RO         3033    i.__scatterload_null  mc_w.l(handlers.o)
    0x08003226   0x08003226   0x0000000e   Code   RO         3034    i.__scatterload_zeroinit  mc_w.l(handlers.o)
    0x08003234   0x08003234   0x00000050   Code   RO         2969    i.free              mc_w.l(malloc.o)
    0x08003284   0x08003284   0x000000e8   Code   RO          672    i.led_init          led.o
    0x0800336c   0x0800336c   0x00000058   Code   RO          716    i.led_set           led.o
    0x080033c4   0x080033c4   0x00000024   Code   RO          673    i.leds_set          led.o
    0x080033e8   0x080033e8   0x0000004c   Code   RO           16    i.main              main.o
    0x08003434   0x08003434   0x0000006c   Code   RO         2970    i.malloc            mc_w.l(malloc.o)
    0x080034a0   0x080034a0   0x0000002c   Code   RO           17    i.rt                main.o
    0x080034cc   0x080034cc   0x00000040   Code   RO          704    i.send0             led.o
    0x0800350c   0x0800350c   0x00000040   Code   RO          710    i.send1             led.o
    0x0800354c   0x0800354c   0x00000010   Data   RO         2548    .constdata          system_stm32f4xx.o
    0x0800355c   0x0800355c   0x00000020   Data   RO         3030    Region$$Table       anon$$obj.o


    Execution Region RW_IRAM1 (Exec base: 0x20000000, Load base: 0x0800357c, Size: 0x00007b78, Max: 0x00020000, ABSOLUTE, COMPRESSED[0x000000c4])

    Exec Addr    Load Addr    Size         Type   Attr      Idx    E Section Name        Object

    0x20000000   COMPRESSED   0x0000001c   Data   RW          432    .data               usbd_desc.o
    0x2000001c   COMPRESSED   0x00000032   Data   RW          433    .data               usbd_desc.o
    0x2000004e   COMPRESSED   0x00000002   PAD
    0x20000050   COMPRESSED   0x00000014   Data   RW          516    .data               usbd_cdc_if.o
    0x20000064   COMPRESSED   0x00000004   PAD
    0x20000068   COMPRESSED   0x00000018   Data   RW          676    .data               led.o
    0x20000080   COMPRESSED   0x0000000c   Data   RW         2279    .data               stm32f4xx_hal.o
    0x2000008c   COMPRESSED   0x00000004   Data   RW         2550    .data               system_stm32f4xx.o
    0x20000090   COMPRESSED   0x00000001   Data   RW         2731    .data               usbd_ctlreq.o
    0x20000091   COMPRESSED   0x00000003   PAD
    0x20000094   COMPRESSED   0x000000d7   Data   RW         2870    .data               usbd_cdc.o
    0x2000016b   COMPRESSED   0x00000001   PAD
    0x2000016c   COMPRESSED   0x00000038   Data   RW         2871    .data               usbd_cdc.o
    0x200001a4   COMPRESSED   0x00000004   Data   RW         3023    .data               mc_w.l(mvars.o)
    0x200001a8   COMPRESSED   0x00000004   Data   RW         3024    .data               mc_w.l(mvars.o)
    0x200001ac        -       0x000002d0   Zero   RW          181    .bss                usb_device.o
    0x2000047c        -       0x00000408   Zero   RW          257    .bss                usbd_conf.o
    0x20000884        -       0x00000200   Zero   RW          431    .bss                usbd_desc.o
    0x20000a84        -       0x00001000   Zero   RW          515    .bss                usbd_cdc_if.o
    0x20001a84        -       0x000000f0   Zero   RW          675    .bss                led.o
    0x20001b74   COMPRESSED   0x00000004   PAD
    0x20001b78        -       0x00002000   Zero   RW            2    HEAP                startup_stm32f411xe.o
    0x20003b78        -       0x00004000   Zero   RW            1    STACK               startup_stm32f411xe.o


==============================================================================

Image component sizes


      Code (inc. data)   RO Data    RW Data    ZI Data      Debug   Object Name

       484         66          0         24        240       4066   led.o
       362         22          0          0          0     377909   main.o
        36          8        408          0      24576        852   startup_stm32f411xe.o
       180         28          0         12          0       9401   stm32f4xx_hal.o
       198         14          0          0          0      34055   stm32f4xx_hal_cortex.o
       414         34          0          0          0       2432   stm32f4xx_hal_gpio.o
        48          6          0          0          0        866   stm32f4xx_hal_msp.o
      2308         14          0          0          0      13009   stm32f4xx_hal_pcd.o
        78          0          0          0          0       2473   stm32f4xx_hal_pcd_ex.o
      1280         58          0          0          0       4606   stm32f4xx_hal_rcc.o
        32          6          0          0          0       4726   stm32f4xx_it.o
      2582        132          0          0          0      23247   stm32f4xx_ll_usb.o
        28          6         16          4          0       1179   system_stm32f4xx.o
        84         18          0          0        720       2611   usb_device.o
       718         16          0        271          0      13011   usbd_cdc.o
        72         16          0         20       4096       3242   usbd_cdc_if.o
       628         20          0          0       1032      15332   usbd_conf.o
       688          0          0          0          0      12713   usbd_core.o
      1256         30          0          1          0      14212   usbd_ctlreq.o
       288        104          0         78        512       6093   usbd_desc.o
       132          0          0          0          0       4632   usbd_ioreq.o

    ----------------------------------------------------------------------
     11920        598        456        420      31180     550667   Object Totals
         0          0         32          0          0          0   (incl. Generated)
        24          0          0         10          4          0   (incl. Padding)

    ----------------------------------------------------------------------

      Code (inc. data)   RO Data    RW Data    ZI Data      Debug   Library Member Name

        86          0          0          0          0          0   __dczerorl2.o
         0          0          0          0          0          0   entry.o
         0          0          0          0          0          0   entry10a.o
         0          0          0          0          0          0   entry11a.o
         8          4          0          0          0          0   entry2.o
         4          0          0          0          0          0   entry5.o
         0          0          0          0          0          0   entry7b.o
         0          0          0          0          0          0   entry8b.o
         8          4          0          0          0          0   entry9a.o
        30          0          0          0          0          0   handlers.o
        36          8          0          0          0         68   init.o
         0          0          0          0          0          0   iusefp.o
        30          0          0          0          0         68   llshl.o
        32          0          0          0          0         68   llushr.o
       188         20          0          0          0        160   malloc.o
        36          0          0          0          0         68   memcpya.o
        36          0          0          0          0        108   memseta.o
         0          0          0          8          0          0   mvars.o
        98          0          0          0          0         92   uldiv.o
       222          0          0          0          0        100   ddiv.o
       186          0          0          0          0        176   depilogue.o
        62          0          0          0          0         80   dfixi.o
        26          0          0          0          0         76   dfltui.o
       228          0          0          0          0         96   dmul.o

    ----------------------------------------------------------------------
      1316         36          0          8          0       1160   Library Totals
         0          0          0          0          0          0   (incl. Padding)

    ----------------------------------------------------------------------

      Code (inc. data)   RO Data    RW Data    ZI Data      Debug   Library Name

       592         36          0          8          0        632   mc_w.l
       724          0          0          0          0        528   mf_w.l

    ----------------------------------------------------------------------
      1316         36          0          8          0       1160   Library Totals

    ----------------------------------------------------------------------

==============================================================================


      Code (inc. data)   RO Data    RW Data    ZI Data      Debug   

     13236        634        456        428      31180     535639   Grand Totals
     13236        634        456        196      31180     535639   ELF Image Totals (compressed)
     13236        634        456        196          0          0   ROM Totals

==============================================================================

    Total RO  Size (Code + RO Data)                13692 (  13.37kB)
    Total RW  Size (RW Data + ZI Data)             31608 (  30.87kB)
    Total ROM Size (Code + RO Data + RW Data)      13888 (  13.56kB)

==============================================================================

